Component: ARM Compiler 5.05 update 1 (build 106) Tool: armlink [4d0efa]

==============================================================================

Section Cross References

    main.o(.text) refers to _printf_percent.o(.ARM.Collect$$_printf_percent$$00000000) for _printf_percent
    main.o(.text) refers to _printf_f.o(.ARM.Collect$$_printf_percent$$00000003) for _printf_f
    main.o(.text) refers to printf1.o(x$fpl$printf1) for _printf_fp_dec
    main.o(.text) refers to _printf_pad.o(.text) for _printf_pre_padding
    main.o(.text) refers to _printf_d.o(.ARM.Collect$$_printf_percent$$00000009) for _printf_d
    main.o(.text) refers to _printf_dec.o(.text) for _printf_int_dec
    main.o(.text) refers to lcd.o(.text) for LCD_DrawLine_color
    main.o(.text) refers to lcd.o(.data) for POINT_COLOR
    main.o(.text) refers to main.o(.data) for Yinit
    main.o(.text) refers to main.o(.bss) for buff1
    main.o(.text) refers to dflt_clz.o(x$fpl$dflt) for __aeabi_i2d
    main.o(.text) refers to pow.o(i.__hardfp_pow) for __hardfp_pow
    main.o(.text) refers to d2f.o(x$fpl$d2f) for __aeabi_d2f
    main.o(.text) refers to dflt_clz.o(x$fpl$dfltu) for __aeabi_ui2d
    main.o(.text) refers to f2d.o(x$fpl$f2d) for __aeabi_f2d
    main.o(.text) refers to sqrt.o(i.__hardfp_sqrt) for __hardfp_sqrt
    main.o(.text) refers to ddiv.o(x$fpl$ddiv) for __aeabi_ddiv
    main.o(.text) refers to dmul.o(x$fpl$dmul) for __aeabi_dmul
    main.o(.text) refers to stm32f4xx_rcc.o(.text) for RCC_APB1PeriphClockCmd
    main.o(.text) refers to stm32f4xx_tim.o(.text) for TIM_Cmd
    main.o(.text) refers to misc.o(.text) for NVIC_Init
    main.o(.text) refers to stm32f4xx_dma.o(.text) for DMA_Init
    main.o(.text) refers to stm32f4xx_adc.o(.text) for ADC_CommonInit
    main.o(.text) refers to stm32f4xx_gpio.o(.text) for GPIO_Init
    main.o(.text) refers to key.o(.text) for KEY_Init
    main.o(.text) refers to delay.o(.text) for delay_init
    main.o(.text) refers to usart.o(.text) for uart_init
    main.o(.text) refers to led.o(.text) for LED_Init
    main.o(.text) refers to noretval__2sprintf.o(.text) for __2sprintf
    main.o(.text) refers to dfixu.o(x$fpl$dfixu) for __aeabi_d2uiz
    main.o(.text) refers to drleqf.o(x$fpl$drleqf) for __aeabi_cdrcmple
    main.o(.text) refers to dleqf.o(x$fpl$dleqf) for __aeabi_cdcmple
    main.o(.data) refers to main.o(.conststring) for .conststring
    system_stm32f4xx.o(.text) refers to system_stm32f4xx.o(.data) for SystemCoreClock
    led.o(.text) refers to stm32f4xx_rcc.o(.text) for RCC_AHB1PeriphClockCmd
    led.o(.text) refers to stm32f4xx_gpio.o(.text) for GPIO_Init
    lcd.o(.text) refers to _printf_percent.o(.ARM.Collect$$_printf_percent$$00000000) for _printf_percent
    lcd.o(.text) refers to _printf_x.o(.ARM.Collect$$_printf_percent$$0000000C) for _printf_x
    lcd.o(.text) refers to _printf_hex_int.o(.text) for _printf_longlong_hex
    lcd.o(.text) refers to delay.o(.text) for delay_us
    lcd.o(.text) refers to lcd.o(.bss) for lcddev
    lcd.o(.text) refers to lcd.o(.data) for POINT_COLOR
    lcd.o(.text) refers to dflt_clz.o(x$fpl$dfltu) for __aeabi_ui2d
    lcd.o(.text) refers to dmul.o(x$fpl$dmul) for __aeabi_dmul
    lcd.o(.text) refers to dfixu.o(x$fpl$dfixu) for __aeabi_d2uiz
    lcd.o(.text) refers to stm32f4xx_rcc.o(.text) for RCC_AHB1PeriphClockCmd
    lcd.o(.text) refers to stm32f4xx_gpio.o(.text) for GPIO_Init
    lcd.o(.text) refers to stm32f4xx_fsmc.o(.text) for FSMC_NORSRAMInit
    lcd.o(.text) refers to noretval__2printf.o(.text) for __2printf
    lcd.o(.text) refers to lcd.o(.constdata) for asc2_1206
    adc.o(.text) refers to stm32f4xx_rcc.o(.text) for RCC_AHB1PeriphClockCmd
    adc.o(.text) refers to stm32f4xx_gpio.o(.text) for GPIO_Init
    adc.o(.text) refers to stm32f4xx_adc.o(.text) for ADC_CommonInit
    adc.o(.text) refers to delay.o(.text) for delay_ms
    key.o(.text) refers to stm32f4xx_rcc.o(.text) for RCC_AHB1PeriphClockCmd
    key.o(.text) refers to stm32f4xx_gpio.o(.text) for GPIO_Init
    key.o(.text) refers to delay.o(.text) for delay_ms
    key.o(.text) refers to key.o(.data) for key_up
    beep.o(.text) refers to stm32f4xx_rcc.o(.text) for RCC_AHB1PeriphClockCmd
    beep.o(.text) refers to stm32f4xx_gpio.o(.text) for GPIO_Init
    delay.o(.text) refers to misc.o(.text) for SysTick_CLKSourceConfig
    delay.o(.text) refers to delay.o(.data) for fac_us
    usart.o(.rev16_text) refers (Special) to use_no_semi_2.o(.text) for __use_no_semihosting
    usart.o(.revsh_text) refers (Special) to use_no_semi_2.o(.text) for __use_no_semihosting
    usart.o(.text) refers (Special) to use_no_semi_2.o(.text) for __use_no_semihosting
    usart.o(.text) refers to stm32f4xx_rcc.o(.text) for RCC_AHB1PeriphClockCmd
    usart.o(.text) refers to stm32f4xx_gpio.o(.text) for GPIO_PinAFConfig
    usart.o(.text) refers to stm32f4xx_usart.o(.text) for USART_Init
    usart.o(.text) refers to misc.o(.text) for NVIC_Init
[...]
    key_up                                   0x200000ec   Data           1  key.o(.data)
    .data                                    0x200000ee   Section        4  delay.o(.data)
    fac_us                                   0x200000ee   Data           1  delay.o(.data)
    fac_ms                                   0x200000f0   Data           2  delay.o(.data)
    .data                                    0x200000f4   Section        6  usart.o(.data)
    .data                                    0x200000fa   Section       16  stm32f4xx_rcc.o(.data)
    APBAHBPrescTable                         0x200000fa   Data          16  stm32f4xx_rcc.o(.data)
    .bss                                     0x2000010c   Section     8452  main.o(.bss)
    Data                                     0x20002204   Data          12  main.o(.bss)
    .bss                                     0x20002210   Section       14  lcd.o(.bss)
    .bss                                     0x2000221e   Section      200  usart.o(.bss)
    .bss                                     0x200022e8   Section       96  libspace.o(.bss)
    HEAP                                     0x20002348   Section      512  startup_stm32f40_41xxx.o(HEAP)
    Heap_Mem                                 0x20002348   Data         512  startup_stm32f40_41xxx.o(HEAP)
    STACK                                    0x20002548   Section     1024  startup_stm32f40_41xxx.o(STACK)
    Stack_Mem                                0x20002548   Data        1024  startup_stm32f40_41xxx.o(STACK)
    __initial_sp                             0x20002948   Data           0  startup_stm32f40_41xxx.o(STACK)

    Global Symbols

    Symbol Name                              Value     Ov Type        Size  Object(Section)

    BuildAttributes$$THM_ISAv4$E$P$D$K$B$S$7EM$VFPi3$EXTD16$VFPS$VFMA$PE$A:L22UL41UL21$X:L11$S22US41US21$IEEE1$IW$USESV6$~STKCKD$USESV7$~SHL$OTIME$ROPI$IEEEX$EBA8$UX$STANDARDLIB$REQ8$PRES8$EABIv2 0x00000000   Number         0  anon$$obj.o ABSOLUTE
    __ARM_use_no_argv                        0x00000000   Number         0  main.o ABSOLUTE
    _printf_flags                            0x00000000   Number         0  printf_stubs.o ABSOLUTE
    _printf_return_value                     0x00000000   Number         0  printf_stubs.o ABSOLUTE
    _printf_sizespec                         0x00000000   Number         0  printf_stubs.o ABSOLUTE
    _printf_widthprec                        0x00000000   Number         0  printf_stubs.o ABSOLUTE
    __ARM_exceptions_init                     - Undefined Weak Reference
    __alloca_initialize                       - Undefined Weak Reference
    __arm_preinit_                            - Undefined Weak Reference
    __cpp_initialize__aeabi_                  - Undefined Weak Reference
    __cxa_finalize                            - Undefined Weak Reference
    __sigvec_lookup                           - Undefined Weak Reference
    _atexit_init                              - Undefined Weak Reference
    _call_atexit_fns                          - Undefined Weak Reference
    _clock_init                               - Undefined Weak Reference
    _fp_trap_init                             - Undefined Weak Reference
    _fp_trap_shutdown                         - Undefined Weak Reference
    _get_lc_collate                           - Undefined Weak Reference
    _get_lc_ctype                             - Undefined Weak Reference
    _get_lc_monetary                          - Undefined Weak Reference
    _get_lc_time                              - Undefined Weak Reference
    _getenv_init                              - Undefined Weak Reference
    _handle_redirection                       - Undefined Weak Reference
    _init_alloc                               - Undefined Weak Reference
    _init_user_alloc                          - Undefined Weak Reference
    _initio                                   - Undefined Weak Reference
    _mutex_acquire                            - Undefined Weak Reference
    _mutex_release                            - Undefined Weak Reference
    _printf_truncate_signed                   - Undefined Weak Reference
    _printf_truncate_unsigned                 - Undefined Weak Reference
    _rand_init                                - Undefined Weak Reference
    _signal_finish                            - Undefined Weak Reference
    _signal_init                              - Undefined Weak Reference
    _terminate_alloc                          - Undefined Weak Reference
    _terminate_user_alloc                     - Undefined Weak Reference
    _terminateio                              - Undefined Weak Reference
    __Vectors_Size                           0x00000188   Number         0  startup_stm32f40_41xxx.o ABSOLUTE
    __Vectors                                0x08000000   Data           4  startup_stm32f40_41xxx.o(RESET)
    __Vectors_End                            0x08000188   Data           0  startup_stm32f40_41xxx.o(RESET)
    __main                                   0x08000189   Thumb Code     8  __main.o(!!!main)
    __scatterload                            0x08000191   Thumb Code     0  __scatter.o(!!!scatter)
    __scatterload_rt2                        0x08000191   Thumb Code    44  __scatter.o(!!!scatter)
    __scatterload_rt2_thumb_only             0x08000191   Thumb Code     0  __scatter.o(!!!scatter)
    __scatterload_null                       0x0800019f   Thumb Code     0  __scatter.o(!!!scatter)
    __scatterload_copy                       0x080001c5   Thumb Code    26  __scatter_copy.o(!!handler_copy)
    __scatterload_zeroinit                   0x080001e1   Thumb Code    28  __scatter_zi.o(!!handler_zi)
    _printf_f                                0x080001fd   Thumb Code     0  _printf_f.o(.ARM.Collect$$_printf_percent$$00000003)
    _printf_percent                          0x080001fd   Thumb Code     0  _printf_percent.o(.ARM.Collect$$_printf_percent$$00000000)
    _printf_d                                0x08000203   Thumb Code     0  _printf_d.o(.ARM.Collect$$_printf_percent$$00000009)
    _printf_x                                0x08000209   Thumb Code     0  _printf_x.o(.ARM.Collect$$_printf_percent$$0000000C)
    _printf_percent_end                      0x0800020f   Thumb Code     0  _printf_percent_end.o(.ARM.Collect$$_printf_percent$$00000017)
    __rt_lib_init                            0x08000213   Thumb Code     0  libinit.o(.ARM.Collect$$libinit$$00000000)
    __rt_lib_init_fp_1                       0x08000215   Thumb Code     0  libinit2.o(.ARM.Collect$$libinit$$00000001)
    __rt_lib_init_heap_1                     0x08000219   Thumb Code     0  libinit2.o(.ARM.Collect$$libinit$$0000000A)
    __rt_lib_init_lc_common                  0x08000219   Thumb Code     0  libinit2.o(.ARM.Collect$$libinit$$0000000F)
    __rt_lib_init_preinit_1                  0x08000219   Thumb Code     0  libinit2.o(.ARM.Collect$$libinit$$00000004)
    __rt_lib_init_rand_1                     0x08000219   Thumb Code     0  libinit2.o(.ARM.Collect$$libinit$$0000000E)
    __rt_lib_init_user_alloc_1               0x08000219   Thumb Code     0  libinit2.o(.ARM.Collect$$libinit$$0000000C)
    __rt_lib_init_lc_collate_1               0x0800021f   Thumb Code     0  libinit2.o(.ARM.Collect$$libinit$$00000011)
    __rt_lib_init_lc_ctype_1                 0x0800021f   Thumb Code     0  libinit2.o(.ARM.Collect$$libinit$$00000013)
    __rt_lib_init_lc_monetary_1              0x0800021f   Thumb Code     0  libinit2.o(.ARM.Collect$$libinit$$00000015)
    __rt_lib_init_lc_numeric_2               0x0800021f   Thumb Code     0  libinit2.o(.ARM.Collect$$libinit$$00000016)
    __rt_lib_init_alloca_1                   0x08000229   Thumb Code     0  libinit2.o(.ARM.Collect$$libinit$$0000002E)
    __rt_lib_init_argv_1                     0x08000229   Thumb Code     0  libinit2.o(.ARM.Collect$$libinit$$0000002C)
    __rt_lib_init_atexit_1                   0x08000229   Thumb Code     0  libinit2.o(.ARM.Collect$$libinit$$0000001B)
    __rt_lib_init_clock_1                    0x08000229   Thumb Code     0  libinit2.o(.ARM.Collect$$libinit$$00000021)
    __rt_lib_init_cpp_1                      0x08000229   Thumb Code     0  libinit2.o(.ARM.Collect$$libinit$$00000032)
    __rt_lib_init_exceptions_1               0x08000229   Thumb Code     0  libinit2.o(.ARM.Collect$$libinit$$00000030)
    __rt_lib_init_fp_trap_1                  0x08000229   Thumb Code     0  libinit2.o(.ARM.Collect$$libinit$$0000001F)
    __rt_lib_init_getenv_1                   0x08000229   Thumb Code     0  libinit2.o(.ARM.Collect$$libinit$$00000023)
    __rt_lib_init_lc_numeric_1               0x08000229   Thumb Code     0  libinit2.o(.ARM.Collect$$libinit$$00000017)
    __rt_lib_init_lc_time_1                  0x08000229   Thumb Code     0  libinit2.o(.ARM.Collect$$libinit$$00000019)
    __rt_lib_init_return                     0x08000229   Thumb Code     0  libinit2.o(.ARM.Collect$$libinit$$00000033)
    __rt_lib_init_signal_1                   0x08000229   Thumb Code     0  libinit2.o(.ARM.Collect$$libinit$$0000001D)
    __rt_lib_init_stdio_1                    0x08000229   Thumb Code     0  libinit2.o(.ARM.Collect$$libinit$$00000025)
    __rt_lib_shutdown                        0x0800022b   Thumb Code     0  libshutdown.o(.ARM.Collect$$libshutdown$$00000000)
    __rt_lib_shutdown_fp_trap_1              0x0800022d   Thumb Code     0  libshutdown2.o(.ARM.Collect$$libshutdown$$00000006)
    __rt_lib_shutdown_heap_1                 0x0800022d   Thumb Code     0  libshutdown2.o(.ARM.Collect$$libshutdown$$0000000E)
    __rt_lib_shutdown_return                 0x0800022d   Thumb Code     0  libshutdown2.o(.ARM.Collect$$libshutdown$$0000000F)
    __rt_lib_shutdown_signal_1               0x0800022d   Thumb Code     0  libshutdown2.o(.ARM.Collect$$libshutdown$$00000009)
    __rt_lib_shutdown_stdio_1                0x0800022d   Thumb Code     0  libshutdown2.o(.ARM.Collect$$libshutdown$$00000003)
    __rt_lib_shutdown_user_alloc_1           0x0800022d   Thumb Code     0  libshutdown2.o(.ARM.Collect$$libshutdown$$0000000B)
    __rt_entry                               0x0800022f   Thumb Code     0  __rtentry.o(.ARM.Collect$$rtentry$$00000000)
    __rt_entry_presh_1                       0x0800022f   Thumb Code     0  __rtentry2.o(.ARM.Collect$$rtentry$$00000002)
    __rt_entry_sh                            0x0800022f   Thumb Code     0  __rtentry4.o(.ARM.Collect$$rtentry$$00000004)
    __rt_entry_li                            0x08000235   Thumb Code     0  __rtentry2.o(.ARM.Collect$$rtentry$$0000000A)
    __rt_entry_postsh_1                      0x08000235   Thumb Code     0  __rtentry2.o(.ARM.Collect$$rtentry$$00000009)
    __rt_entry_main                          0x08000239   Thumb Code     0  __rtentry2.o(.ARM.Collect$$rtentry$$0000000D)
    __rt_entry_postli_1                      0x08000239   Thumb Code     0  __rtentry2.o(.ARM.Collect$$rtentry$$0000000C)
    __rt_exit                                0x08000241   Thumb Code     0  rtexit.o(.ARM.Collect$$rtexit$$00000000)
    __rt_exit_ls                             0x08000243   Thumb Code     0  rtexit2.o(.ARM.Collect$$rtexit$$00000003)
    __rt_exit_prels_1                        0x08000243   Thumb Code     0  rtexit2.o(.ARM.Collect$$rtexit$$00000002)
    __rt_exit_exit                           0x08000247   Thumb Code     0  rtexit2.o(.ARM.Collect$$rtexit$$00000004)
    DrawOscillogram_Clear                    0x0800024d   Thumb Code   926  main.o(.text)
    Get_RMS_DutyCycle                        0x080005eb   Thumb Code   682  main.o(.text)
    Get_vpp                                  0x08000895   Thumb Code   232  main.o(.text)
    DrawOscillogram                          0x0800097d   Thumb Code  1468  main.o(.text)
    Lcd_DrawNetwork                          0x08000f39   Thumb Code   130  main.o(.text)
    ADCInit_Timer                            0x08000fbb   Thumb Code   106  main.o(.text)
    Time_init                                0x08001025   Thumb Code    12  main.o(.text)
    Rheostat_Init                            0x08001141   Thumb Code    12  main.o(.text)
    Set_BackGround                           0x0800114d   Thumb Code    34  main.o(.text)
    main                                     0x0800116f   Thumb Code  1590  main.o(.text)
    clear_point                              0x080017a5   Thumb Code   348  main.o(.text)
    gui_draw_hline                           0x08001901   Thumb Code    36  main.o(.text)
    gui_fill_circle                          0x08001925   Thumb Code   176  main.o(.text)
    my_abs                                   0x080019d5   Thumb Code    18  main.o(.text)
    lcd_draw_bline                           0x080019e7   Thumb Code   212  main.o(.text)
    DMA2_Stream0_IRQHandler                  0x08001abb   Thumb Code    78  main.o(.text)
    TIM5_IRQHandler                          0x08001b09   Thumb Code     2  main.o(.text)
    EXTI0_IRQHandler                         0x08001b0b   Thumb Code     2  main.o(.text)
    TIM3_IRQHandler                          0x08001b0d   Thumb Code    38  main.o(.text)
    NMI_Handler                              0x08001b55   Thumb Code     2  stm32f4xx_it.o(.text)
    HardFault_Handler                        0x08001b57   Thumb Code     4  stm32f4xx_it.o(.text)
    MemManage_Handler                        0x08001b5b   Thumb Code     4  stm32f4xx_it.o(.text)
    BusFault_Handler                         0x08001b5f   Thumb Code     4  stm32f4xx_it.o(.text)
    UsageFault_Handler                       0x08001b63   Thumb Code     4  stm32f4xx_it.o(.text)
    SVC_Handler                              0x08001b67   Thumb Code     2  stm32f4xx_it.o(.text)
    DebugMon_Handler                         0x08001b69   Thumb Code     2  stm32f4xx_it.o(.text)
    PendSV_Handler                           0x08001b6b   Thumb Code     2  stm32f4xx_it.o(.text)
    SysTick_Handler                          0x08001b6d   Thumb Code     2  stm32f4xx_it.o(.text)
    SystemInit                               0x08001c4d   Thumb Code    88  system_stm32f4xx.o(.text)
    SystemCoreClockUpdate                    0x08001ca5   Thumb Code   174  system_stm32f4xx.o(.text)
    LED_Init                                 0x08001d81   Thumb Code    60  led.o(.text)
    LCD_WR_REG                               0x08001dc1   Thumb Code    18  lcd.o(.text)
    LCD_WR_DATA                              0x08001dd3   Thumb Code    20  lcd.o(.text)
    LCD_RD_DATA                              0x08001de7   Thumb Code    16  lcd.o(.text)
    LCD_WriteReg                             0x08001df7   Thumb Code    14  lcd.o(.text)
    LCD_ReadReg                              0x08001e05   Thumb Code    22  lcd.o(.text)
    LCD_WriteRAM_Prepare                     0x08001e1b   Thumb Code    10  lcd.o(.text)
    LCD_WriteRAM                             0x08001e25   Thumb Code     8  lcd.o(.text)
    LCD_BGR2RGB                              0x08001e2d   Thumb Code    26  lcd.o(.text)
    opt_delay                                0x08001e47   Thumb Code    14  lcd.o(.text)
    LCD_SetCursor                            0x08001e55   Thumb Code   418  lcd.o(.text)
    LCD_ReadPoint                            0x08001ff7   Thumb Code   360  lcd.o(.text)
    LCD_DisplayOn                            0x0800215f   Thumb Code   102  lcd.o(.text)
    LCD_DisplayOff                           0x080021c5   Thumb Code    90  lcd.o(.text)
    LCD_Scan_Dir                             0x0800221f   Thumb Code   744  lcd.o(.text)
    LCD_DrawPoint                            0x08002507   Thumb Code    28  lcd.o(.text)
    LCD_Fast_DrawPoint                       0x08002523   Thumb Code   388  lcd.o(.text)
    LCD_SSD_BackLightSet                     0x080026a7   Thumb Code    88  lcd.o(.text)
    LCD_Display_Dir                          0x080026ff   Thumb Code   444  lcd.o(.text)
    LCD_Set_Window                           0x080028bb   Thumb Code   546  lcd.o(.text)
    LCD_Clear                                0x08002add   Thumb Code   100  lcd.o(.text)
    LCD_Init                                 0x08002b41   Thumb Code 14696  lcd.o(.text)
    LCD_Fill                                 0x080064a9   Thumb Code   180  lcd.o(.text)
    LCD_Color_Fill                           0x0800655d   Thumb Code   100  lcd.o(.text)
    LCD_DrawLine                             0x080065c1   Thumb Code   180  lcd.o(.text)
    LCD_DrawLine_color                       0x08006675   Thumb Code   172  lcd.o(.text)
    LCD_DrawLine_CLR                         0x08006721   Thumb Code   180  lcd.o(.text)
    LCD_DrawRectangle                        0x080067d5   Thumb Code    60  lcd.o(.text)
    LCD_Draw_Circle                          0x08006811   Thumb Code   152  lcd.o(.text)
    LCD_ShowChar                             0x080068a9   Thumb Code   300  lcd.o(.text)
    LCD_ShowChar_COLOR                       0x080069d5   Thumb Code   270  lcd.o(.text)
    LCD_Pow                                  0x08006ae3   Thumb Code    22  lcd.o(.text)
    LCD_ShowNum                              0x08006af9   Thumb Code   148  lcd.o(.text)
    LCD_ShowxNum                             0x08006b8d   Thumb Code   190  lcd.o(.text)
    LCD_ShowString                           0x08006c4b   Thumb Code   102  lcd.o(.text)
    LCD_ShowString_COLOR                     0x08006cb1   Thumb Code   106  lcd.o(.text)
    KEY_Init                                 0x08006d31   Thumb Code    60  key.o(.text)
    KEY_Scan                                 0x08006d6d   Thumb Code   352  key.o(.text)
    delay_init                               0x08006ee1   Thumb Code    52  delay.o(.text)
    delay_us                                 0x08006f15   Thumb Code    72  delay.o(.text)
    delay_xms                                0x08006f5d   Thumb Code    72  delay.o(.text)
    delay_ms                                 0x08006fa5   Thumb Code    56  delay.o(.text)
    _sys_exit                                0x08006fe5   Thumb Code     4  usart.o(.text)
    fputc                                    0x08006fe9   Thumb Code    22  usart.o(.text)
    uart_init                                0x08006fff   Thumb Code   164  usart.o(.text)
    USART1_IRQHandler                        0x080070a3   Thumb Code   122  usart.o(.text)
    Reset_Handler                            0x0800712d   Thumb Code     8  startup_stm32f40_41xxx.o(.text)
    ADC_IRQHandler                           0x08007147   Thumb Code     0  startup_stm32f40_41xxx.o(.text)
    CAN1_RX0_IRQHandler                      0x08007147   Thumb Code     0  startup_stm32f40_41xxx.o(.text)
    CAN1_RX1_IRQHandler                      0x08007147   Thumb Code     0  startup_stm32f40_41xxx.o(.text)
    CAN1_SCE_IRQHandler                      0x08007147   Thumb Code     0  startup_stm32f40_41xxx.o(.text)
    CAN1_TX_IRQHandler                       0x08007147   Thumb Code     0  startup_stm32f40_41xxx.o(.text)
    CAN2_RX0_IRQHandler                      0x08007147   Thumb Code     0  startup_stm32f40_41xxx.o(.text)
    CAN2_RX1_IRQHandler                      0x08007147   Thumb Code     0  startup_stm32f40_41xxx.o(.text)
    CAN2_SCE_IRQHandler                      0x08007147   Thumb Code     0  startup_stm32f40_41xxx.o(.text)
    CAN2_TX_IRQHandler                       0x08007147   Thumb Code     0  startup_stm32f40_41xxx.o(.text)
    CRYP_IRQHandler                          0x08007147   Thumb Code     0  startup_stm32f40_41xxx.o(.text)
    DCMI_IRQHandler                          0x08007147   Thumb Code     0  startup_stm32f40_41xxx.o(.text)
    DMA1_Stream0_IRQHandler                  0x08007147   Thumb Code     0  startup_stm32f40_41xxx.o(.text)
    DMA1_Stream1_IRQHandler                  0x08007147   Thumb Code     0  startup_stm32f40_41xxx.o(.text)
    DMA1_Stream2_IRQHandler                  0x08007147   Thumb Code     0  startup_stm32f40_41xxx.o(.text)
    DMA1_Stream3_IRQHandler                  0x08007147   Thumb Code     0  startup_stm32f40_41xxx.o(.text)
    DMA1_Stream4_IRQHandler                  0x08007147   Thumb Code     0  startup_stm32f40_41xxx.o(.text)
    DMA1_Stream5_IRQHandler                  0x08007147   Thumb Code     0  startup_stm32f40_41xxx.o(.text)
    DMA1_Stream6_IRQHandler                  0x08007147   Thumb Code     0  startup_stm32f40_41xxx.o(.text)
    DMA1_Stream7_IRQHandler                  0x08007147   Thumb Code     0  startup_stm32f40_41xxx.o(.text)
    DMA2_Stream1_IRQHandler                  0x08007147   Thumb Code     0  startup_stm32f40_41xxx.o(.text)
    DMA2_Stream2_IRQHandler                  0x08007147   Thumb Code     0  startup_stm32f40_41xxx.o(.text)
    DMA2_Stream3_IRQHandler                  0x08007147   Thumb Code     0  startup_stm32f40_41xxx.o(.text)
    DMA2_Stream4_IRQHandler                  0x08007147   Thumb Code     0  startup_stm32f40_41xxx.o(.text)
    DMA2_Stream5_IRQHandler                  0x08007147   Thumb Code     0  startup_stm32f40_41xxx.o(.text)
    DMA2_Stream6_IRQHandler                  0x08007147   Thumb Code     0  startup_stm32f40_41xxx.o(.text)
    DMA2_Stream7_IRQHandler                  0x08007147   Thumb Code     0  startup_stm32f40_41xxx.o(.text)
    ETH_IRQHandler                           0x08007147   Thumb Code     0  startup_stm32f40_41xxx.o(.text)
    ETH_WKUP_IRQHandler                      0x08007147   Thumb Code     0  startup_stm32f40_41xxx.o(.text)
    EXTI15_10_IRQHandler                     0x08007147   Thumb Code     0  startup_stm32f40_41xxx.o(.text)
    EXTI1_IRQHandler                         0x08007147   Thumb Code     0  startup_stm32f40_41xxx.o(.text)
    EXTI2_IRQHandler                         0x08007147   Thumb Code     0  startup_stm32f40_41xxx.o(.text)
    EXTI3_IRQHandler                         0x08007147   Thumb Code     0  startup_stm32f40_41xxx.o(.text)
    EXTI4_IRQHandler                         0x08007147   Thumb Code     0  startup_stm32f40_41xxx.o(.text)
    EXTI9_5_IRQHandler                       0x08007147   Thumb Code     0  startup_stm32f40_41xxx.o(.text)
    FLASH_IRQHandler                         0x08007147   Thumb Code     0  startup_stm32f40_41xxx.o(.text)
    FPU_IRQHandler                           0x08007147   Thumb Code     0  startup_stm32f40_41xxx.o(.text)
    FSMC_IRQHandler                          0x08007147   Thumb Code     0  startup_stm32f40_41xxx.o(.text)
    HASH_RNG_IRQHandler                      0x08007147   Thumb Code     0  startup_stm32f40_41xxx.o(.text)
    I2C1_ER_IRQHandler                       0x08007147   Thumb Code     0  startup_stm32f40_41xxx.o(.text)
    I2C1_EV_IRQHandler                       0x08007147   Thumb Code     0  startup_stm32f40_41xxx.o(.text)
    I2C2_ER_IRQHandler                       0x08007147   Thumb Code     0  startup_stm32f40_41xxx.o(.text)
    I2C2_EV_IRQHandler                       0x08007147   Thumb Code     0  startup_stm32f40_41xxx.o(.text)
    I2C3_ER_IRQHandler                       0x08007147   Thumb Code     0  startup_stm32f40_41xxx.o(.text)
    I2C3_EV_IRQHandler                       0x08007147   Thumb Code     0  startup_stm32f40_41xxx.o(.text)
    OTG_FS_IRQHandler                        0x08007147   Thumb Code     0  startup_stm32f40_41xxx.o(.text)
    OTG_FS_WKUP_IRQHandler                   0x08007147   Thumb Code     0  startup_stm32f40_41xxx.o(.text)
    OTG_HS_EP1_IN_IRQHandler                 0x08007147   Thumb Code     0  startup_stm32f40_41xxx.o(.text)
    OTG_HS_EP1_OUT_IRQHandler                0x08007147   Thumb Code     0  startup_stm32f40_41xxx.o(.text)
    OTG_HS_IRQHandler                        0x08007147   Thumb Code     0  startup_stm32f40_41xxx.o(.text)
    OTG_HS_WKUP_IRQHandler                   0x08007147   Thumb Code     0  startup_stm32f40_41xxx.o(.text)
    PVD_IRQHandler                           0x08007147   Thumb Code     0  startup_stm32f40_41xxx.o(.text)
    RCC_IRQHandler                           0x08007147   Thumb Code     0  startup_stm32f40_41xxx.o(.text)
    RTC_Alarm_IRQHandler                     0x08007147   Thumb Code     0  startup_stm32f40_41xxx.o(.text)
    RTC_WKUP_IRQHandler                      0x08007147   Thumb Code     0  startup_stm32f40_41xxx.o(.text)
    SDIO_IRQHandler                          0x08007147   Thumb Code     0  startup_stm32f40_41xxx.o(.text)
    SPI1_IRQHandler                          0x08007147   Thumb Code     0  startup_stm32f40_41xxx.o(.text)
    SPI2_IRQHandler                          0x08007147   Thumb Code     0  startup_stm32f40_41xxx.o(.text)
    SPI3_IRQHandler                          0x08007147   Thumb Code     0  startup_stm32f40_41xxx.o(.text)
    TAMP_STAMP_IRQHandler                    0x08007147   Thumb Code     0  startup_stm32f40_41xxx.o(.text)
    TIM1_BRK_TIM9_IRQHandler                 0x08007147   Thumb Code     0  startup_stm32f40_41xxx.o(.text)
    TIM1_CC_IRQHandler                       0x08007147   Thumb Code     0  startup_stm32f40_41xxx.o(.text)
    TIM1_TRG_COM_TIM11_IRQHandler            0x08007147   Thumb Code     0  startup_stm32f40_41xxx.o(.text)
    TIM1_UP_TIM10_IRQHandler                 0x08007147   Thumb Code     0  startup_stm32f40_41xxx.o(.text)
    TIM2_IRQHandler                          0x08007147   Thumb Code     0  startup_stm32f40_41xxx.o(.text)
    TIM4_IRQHandler                          0x08007147   Thumb Code     0  startup_stm32f40_41xxx.o(.text)
    TIM6_DAC_IRQHandler                      0x08007147   Thumb Code     0  startup_stm32f40_41xxx.o(.text)
    TIM7_IRQHandler                          0x08007147   Thumb Code     0  startup_stm32f40_41xxx.o(.text)
    TIM8_BRK_TIM12_IRQHandler                0x08007147   Thumb Code     0  startup_stm32f40_41xxx.o(.text)
    TIM8_CC_IRQHandler                       0x08007147   Thumb Code     0  startup_stm32f40_41xxx.o(.text)
    TIM8_TRG_COM_TIM14_IRQHandler            0x08007147   Thumb Code     0  startup_stm32f40_41xxx.o(.text)
    TIM8_UP_TIM13_IRQHandler                 0x08007147   Thumb Code     0  startup_stm32f40_41xxx.o(.text)
    UART4_IRQHandler                         0x08007147   Thumb Code     0  startup_stm32f40_41xxx.o(.text)
    UART5_IRQHandler                         0x08007147   Thumb Code     0  startup_stm32f40_41xxx.o(.text)
    USART2_IRQHandler                        0x08007147   Thumb Code     0  startup_stm32f40_41xxx.o(.text)
    USART3_IRQHandler                        0x08007147   Thumb Code     0  startup_stm32f40_41xxx.o(.text)
    USART6_IRQHandler                        0x08007147   Thumb Code     0  startup_stm32f40_41xxx.o(.text)
    WWDG_IRQHandler                          0x08007147   Thumb Code     0  startup_stm32f40_41xxx.o(.text)
    __user_initial_stackheap                 0x08007149   Thumb Code     0  startup_stm32f40_41xxx.o(.text)
    NVIC_PriorityGroupConfig                 0x0800716d   Thumb Code    10  misc.o(.text)
    NVIC_Init                                0x08007177   Thumb Code   106  misc.o(.text)
    NVIC_SetVectorTable                      0x080071e1   Thumb Code    14  misc.o(.text)
    NVIC_SystemLPConfig                      0x080071ef   Thumb Code    34  misc.o(.text)
    SysTick_CLKSourceConfig                  0x08007211   Thumb Code    40  misc.o(.text)
    GPIO_DeInit                              0x0800724d   Thumb Code   268  stm32f4xx_gpio.o(.text)
    GPIO_Init                                0x08007359   Thumb Code   144  stm32f4xx_gpio.o(.text)
    GPIO_StructInit                          0x080073e9   Thumb Code    18  stm32f4xx_gpio.o(.text)
    GPIO_PinLockConfig                       0x080073fb   Thumb Code    34  stm32f4xx_gpio.o(.text)
    GPIO_ReadInputDataBit                    0x0800741d   Thumb Code    18  stm32f4xx_gpio.o(.text)
    GPIO_ReadInputData                       0x0800742f   Thumb Code     8  stm32f4xx_gpio.o(.text)
    GPIO_ReadOutputDataBit                   0x08007437   Thumb Code    18  stm32f4xx_gpio.o(.text)
    GPIO_ReadOutputData                      0x08007449   Thumb Code     8  stm32f4xx_gpio.o(.text)
    GPIO_SetBits                             0x08007451   Thumb Code     4  stm32f4xx_gpio.o(.text)
    GPIO_ResetBits                           0x08007455   Thumb Code     4  stm32f4xx_gpio.o(.text)
    GPIO_WriteBit                            0x08007459   Thumb Code    10  stm32f4xx_gpio.o(.text)
    GPIO_Write                               0x08007463   Thumb Code     4  stm32f4xx_gpio.o(.text)
    GPIO_ToggleBits                          0x08007467   Thumb Code     8  stm32f4xx_gpio.o(.text)
    GPIO_PinAFConfig                         0x0800746f   Thumb Code    70  stm32f4xx_gpio.o(.text)
    FSMC_NORSRAMDeInit                       0x080074e1   Thumb Code    54  stm32f4xx_fsmc.o(.text)
    FSMC_NORSRAMInit                         0x08007517   Thumb Code   230  stm32f4xx_fsmc.o(.text)
    FSMC_NORSRAMStructInit                   0x080075fd   Thumb Code    48  stm32f4xx_fsmc.o(.text)
    FSMC_NORSRAMCmd                          0x0800762d   Thumb Code    46  stm32f4xx_fsmc.o(.text)
    FSMC_NANDDeInit                          0x0800765b   Thumb Code    62  stm32f4xx_fsmc.o(.text)
    FSMC_NANDInit                            0x08007699   Thumb Code   132  stm32f4xx_fsmc.o(.text)
    FSMC_NANDStructInit                      0x0800771d   Thumb Code    54  stm32f4xx_fsmc.o(.text)
    FSMC_NANDCmd                             0x08007753   Thumb Code    86  stm32f4xx_fsmc.o(.text)
    FSMC_NANDECCCmd                          0x080077a9   Thumb Code    86  stm32f4xx_fsmc.o(.text)
    FSMC_GetECC                              0x080077ff   Thumb Code    24  stm32f4xx_fsmc.o(.text)
    FSMC_PCCARDDeInit                        0x08007817   Thumb Code    36  stm32f4xx_fsmc.o(.text)
    FSMC_PCCARDInit                          0x0800783b   Thumb Code   130  stm32f4xx_fsmc.o(.text)
    FSMC_PCCARDStructInit                    0x080078bd   Thumb Code    60  stm32f4xx_fsmc.o(.text)
    FSMC_PCCARDCmd                           0x080078f9   Thumb Code    44  stm32f4xx_fsmc.o(.text)
    FSMC_ITConfig                            0x08007925   Thumb Code   128  stm32f4xx_fsmc.o(.text)
    FSMC_GetFlagStatus                       0x080079a5   Thumb Code    54  stm32f4xx_fsmc.o(.text)
    FSMC_ClearFlag                           0x080079db   Thumb Code    74  stm32f4xx_fsmc.o(.text)
    FSMC_GetITStatus                         0x08007a25   Thumb Code    62  stm32f4xx_fsmc.o(.text)
    FSMC_ClearITPendingBit                   0x08007a63   Thumb Code    66  stm32f4xx_fsmc.o(.text)
    RCC_DeInit                               0x08007aa9   Thumb Code    82  stm32f4xx_rcc.o(.text)
    RCC_HSEConfig                            0x08007afb   Thumb Code    14  stm32f4xx_rcc.o(.text)
    RCC_GetFlagStatus                        0x08007b09   Thumb Code    60  stm32f4xx_rcc.o(.text)
    RCC_WaitForHSEStartUp                    0x08007b45   Thumb Code    56  stm32f4xx_rcc.o(.text)
    RCC_AdjustHSICalibrationValue            0x08007b7d   Thumb Code    20  stm32f4xx_rcc.o(.text)
    RCC_HSICmd                               0x08007b91   Thumb Code     6  stm32f4xx_rcc.o(.text)
    RCC_LSEConfig                            0x08007b97   Thumb Code    46  stm32f4xx_rcc.o(.text)
    RCC_LSICmd                               0x08007bc5   Thumb Code     6  stm32f4xx_rcc.o(.text)
    RCC_PLLConfig                            0x08007bcb   Thumb Code    32  stm32f4xx_rcc.o(.text)
    RCC_PLLCmd                               0x08007beb   Thumb Code     6  stm32f4xx_rcc.o(.text)
    RCC_PLLI2SConfig                         0x08007bf1   Thumb Code    14  stm32f4xx_rcc.o(.text)
    RCC_PLLI2SCmd                            0x08007bff   Thumb Code     6  stm32f4xx_rcc.o(.text)
    RCC_PLLSAIConfig                         0x08007c05   Thumb Code    20  stm32f4xx_rcc.o(.text)
    RCC_PLLSAICmd                            0x08007c19   Thumb Code     6  stm32f4xx_rcc.o(.text)
    RCC_ClockSecuritySystemCmd               0x08007c1f   Thumb Code     6  stm32f4xx_rcc.o(.text)
    RCC_MCO1Config                           0x08007c25   Thumb Code    28  stm32f4xx_rcc.o(.text)
    RCC_MCO2Config                           0x08007c41   Thumb Code    28  stm32f4xx_rcc.o(.text)
    RCC_SYSCLKConfig                         0x08007c5d   Thumb Code    20  stm32f4xx_rcc.o(.text)
    RCC_GetSYSCLKSource                      0x08007c71   Thumb Code    12  stm32f4xx_rcc.o(.text)
    RCC_HCLKConfig                           0x08007c7d   Thumb Code    20  stm32f4xx_rcc.o(.text)
    RCC_PCLK1Config                          0x08007c91   Thumb Code    20  stm32f4xx_rcc.o(.text)
    RCC_PCLK2Config                          0x08007ca5   Thumb Code    22  stm32f4xx_rcc.o(.text)
    RCC_GetClocksFreq                        0x08007cbb   Thumb Code   222  stm32f4xx_rcc.o(.text)
    RCC_RTCCLKConfig                         0x08007d99   Thumb Code    54  stm32f4xx_rcc.o(.text)
    RCC_RTCCLKCmd                            0x08007dcf   Thumb Code     8  stm32f4xx_rcc.o(.text)
    RCC_BackupResetCmd                       0x08007dd7   Thumb Code     8  stm32f4xx_rcc.o(.text)
    RCC_I2SCLKConfig                         0x08007ddf   Thumb Code     6  stm32f4xx_rcc.o(.text)
    RCC_SAIPLLI2SClkDivConfig                0x08007de5   Thumb Code    26  stm32f4xx_rcc.o(.text)
    RCC_SAIPLLSAIClkDivConfig                0x08007dff   Thumb Code    28  stm32f4xx_rcc.o(.text)
    RCC_SAIBlockACLKConfig                   0x08007e1b   Thumb Code    20  stm32f4xx_rcc.o(.text)
    RCC_SAIBlockBCLKConfig                   0x08007e2f   Thumb Code    20  stm32f4xx_rcc.o(.text)
    RCC_LTDCCLKDivConfig                     0x08007e43   Thumb Code    20  stm32f4xx_rcc.o(.text)
    RCC_TIMCLKPresConfig                     0x08007e57   Thumb Code     6  stm32f4xx_rcc.o(.text)
    RCC_AHB1PeriphClockCmd                   0x08007e5d   Thumb Code    34  stm32f4xx_rcc.o(.text)
    RCC_AHB2PeriphClockCmd                   0x08007e7f   Thumb Code    78  stm32f4xx_rcc.o(.text)
    RCC_AHB3PeriphClockCmd                   0x08007ecd   Thumb Code    34  stm32f4xx_rcc.o(.text)
    RCC_APB1PeriphClockCmd                   0x08007eef   Thumb Code    34  stm32f4xx_rcc.o(.text)
    RCC_APB2PeriphClockCmd                   0x08007f11   Thumb Code    34  stm32f4xx_rcc.o(.text)
    RCC_AHB1PeriphResetCmd                   0x08007f33   Thumb Code    34  stm32f4xx_rcc.o(.text)
    RCC_AHB2PeriphResetCmd                   0x08007f55   Thumb Code    34  stm32f4xx_rcc.o(.text)
    RCC_AHB3PeriphResetCmd                   0x08007f77   Thumb Code    34  stm32f4xx_rcc.o(.text)
    RCC_APB1PeriphResetCmd                   0x08007f99   Thumb Code    34  stm32f4xx_rcc.o(.text)
    RCC_APB2PeriphResetCmd                   0x08007fbb   Thumb Code    34  stm32f4xx_rcc.o(.text)
    RCC_AHB1PeriphClockLPModeCmd             0x08007fdd   Thumb Code    34  stm32f4xx_rcc.o(.text)
    RCC_AHB2PeriphClockLPModeCmd             0x08007fff   Thumb Code    34  stm32f4xx_rcc.o(.text)
    RCC_AHB3PeriphClockLPModeCmd             0x08008021   Thumb Code    34  stm32f4xx_rcc.o(.text)
    RCC_APB1PeriphClockLPModeCmd             0x08008043   Thumb Code    34  stm32f4xx_rcc.o(.text)
    RCC_APB2PeriphClockLPModeCmd             0x08008065   Thumb Code    34  stm32f4xx_rcc.o(.text)
    RCC_LSEModeConfig                        0x08008087   Thumb Code    40  stm32f4xx_rcc.o(.text)
    RCC_ITConfig                             0x080080af   Thumb Code    34  stm32f4xx_rcc.o(.text)
    RCC_ClearFlag                            0x080080d1   Thumb Code    18  stm32f4xx_rcc.o(.text)
    RCC_GetITStatus                          0x080080e3   Thumb Code    22  stm32f4xx_rcc.o(.text)
    RCC_ClearITPendingBit                    0x080080f9   Thumb Code     8  stm32f4xx_rcc.o(.text)
    USART_DeInit                             0x08008105   Thumb Code   206  stm32f4xx_usart.o(.text)
    USART_Init                               0x080081d3   Thumb Code   204  stm32f4xx_usart.o(.text)
    USART_StructInit                         0x0800829f   Thumb Code    24  stm32f4xx_usart.o(.text)
    USART_ClockInit                          0x080082b7   Thumb Code    32  stm32f4xx_usart.o(.text)
    USART_ClockStructInit                    0x080082d7   Thumb Code    12  stm32f4xx_usart.o(.text)
    USART_Cmd                                0x080082e3   Thumb Code    24  stm32f4xx_usart.o(.text)
    USART_SetPrescaler                       0x080082fb   Thumb Code    16  stm32f4xx_usart.o(.text)
    USART_OverSampling8Cmd                   0x0800830b   Thumb Code    22  stm32f4xx_usart.o(.text)
    USART_OneBitMethodCmd                    0x08008321   Thumb Code    24  stm32f4xx_usart.o(.text)
    USART_SendData                           0x08008339   Thumb Code     8  stm32f4xx_usart.o(.text)
    USART_ReceiveData                        0x08008341   Thumb Code    10  stm32f4xx_usart.o(.text)
    USART_SetAddress                         0x0800834b   Thumb Code    18  stm32f4xx_usart.o(.text)
    USART_ReceiverWakeUpCmd                  0x0800835d   Thumb Code    24  stm32f4xx_usart.o(.text)
    USART_WakeUpConfig                       0x08008375   Thumb Code    18  stm32f4xx_usart.o(.text)
    USART_LINBreakDetectLengthConfig         0x08008387   Thumb Code    18  stm32f4xx_usart.o(.text)
    USART_LINCmd                             0x08008399   Thumb Code    24  stm32f4xx_usart.o(.text)
    USART_SendBreak                          0x080083b1   Thumb Code    10  stm32f4xx_usart.o(.text)
    USART_HalfDuplexCmd                      0x080083bb   Thumb Code    24  stm32f4xx_usart.o(.text)
    USART_SetGuardTime                       0x080083d3   Thumb Code    16  stm32f4xx_usart.o(.text)
    USART_SmartCardCmd                       0x080083e3   Thumb Code    24  stm32f4xx_usart.o(.text)
    USART_SmartCardNACKCmd                   0x080083fb   Thumb Code    24  stm32f4xx_usart.o(.text)
    USART_IrDAConfig                         0x08008413   Thumb Code    18  stm32f4xx_usart.o(.text)
    USART_IrDACmd                            0x08008425   Thumb Code    24  stm32f4xx_usart.o(.text)
    USART_DMACmd                             0x0800843d   Thumb Code    18  stm32f4xx_usart.o(.text)
    USART_ITConfig                           0x0800844f   Thumb Code    74  stm32f4xx_usart.o(.text)
    USART_GetFlagStatus                      0x08008499   Thumb Code    26  stm32f4xx_usart.o(.text)
    USART_ClearFlag                          0x080084b3   Thumb Code    18  stm32f4xx_usart.o(.text)
    USART_GetITStatus                        0x080084c5   Thumb Code   118  stm32f4xx_usart.o(.text)
    USART_ClearITPendingBit                  0x0800853b   Thumb Code    30  stm32f4xx_usart.o(.text)
    ADC_DeInit                               0x08008559   Thumb Code    22  stm32f4xx_adc.o(.text)
    ADC_Init                                 0x0800856f   Thumb Code    74  stm32f4xx_adc.o(.text)
    ADC_StructInit                           0x080085b9   Thumb Code    20  stm32f4xx_adc.o(.text)
    ADC_CommonInit                           0x080085cd   Thumb Code    34  stm32f4xx_adc.o(.text)
    ADC_CommonStructInit                     0x080085ef   Thumb Code    12  stm32f4xx_adc.o(.text)
    ADC_Cmd                                  0x080085fb   Thumb Code    22  stm32f4xx_adc.o(.text)
    ADC_AnalogWatchdogCmd                    0x08008611   Thumb Code    16  stm32f4xx_adc.o(.text)
    ADC_AnalogWatchdogThresholdsConfig       0x08008621   Thumb Code     6  stm32f4xx_adc.o(.text)
    ADC_AnalogWatchdogSingleChannelConfig    0x08008627   Thumb Code    16  stm32f4xx_adc.o(.text)
    ADC_TempSensorVrefintCmd                 0x08008637   Thumb Code    34  stm32f4xx_adc.o(.text)
    ADC_VBATCmd                              0x08008659   Thumb Code    34  stm32f4xx_adc.o(.text)
    ADC_RegularChannelConfig                 0x0800867b   Thumb Code   184  stm32f4xx_adc.o(.text)
    ADC_SoftwareStartConv                    0x08008733   Thumb Code    10  stm32f4xx_adc.o(.text)
    ADC_GetSoftwareStartConvStatus           0x0800873d   Thumb Code    20  stm32f4xx_adc.o(.text)
    ADC_EOCOnEachRegularChannelCmd           0x08008751   Thumb Code    22  stm32f4xx_adc.o(.text)
    ADC_ContinuousModeCmd                    0x08008767   Thumb Code    22  stm32f4xx_adc.o(.text)
    ADC_DiscModeChannelCountConfig           0x0800877d   Thumb Code    24  stm32f4xx_adc.o(.text)
    ADC_DiscModeCmd                          0x08008795   Thumb Code    22  stm32f4xx_adc.o(.text)
    ADC_GetConversionValue                   0x080087ab   Thumb Code     8  stm32f4xx_adc.o(.text)
    ADC_GetMultiModeConversionValue          0x080087b3   Thumb Code     8  stm32f4xx_adc.o(.text)
    ADC_DMACmd                               0x080087bb   Thumb Code    22  stm32f4xx_adc.o(.text)
    ADC_DMARequestAfterLastTransferCmd       0x080087d1   Thumb Code    22  stm32f4xx_adc.o(.text)
    ADC_MultiModeDMARequestAfterLastTransferCmd 0x080087e7   Thumb Code    34  stm32f4xx_adc.o(.text)
    ADC_InjectedChannelConfig                0x08008809   Thumb Code   130  stm32f4xx_adc.o(.text)
    ADC_InjectedSequencerLengthConfig        0x0800888b   Thumb Code    24  stm32f4xx_adc.o(.text)
    ADC_SetInjectedOffset                    0x080088a3   Thumb Code    20  stm32f4xx_adc.o(.text)
    ADC_ExternalTrigInjectedConvConfig       0x080088b7   Thumb Code    16  stm32f4xx_adc.o(.text)
    ADC_ExternalTrigInjectedConvEdgeConfig   0x080088c7   Thumb Code    16  stm32f4xx_adc.o(.text)
    ADC_SoftwareStartInjectedConv            0x080088d7   Thumb Code    10  stm32f4xx_adc.o(.text)
    ADC_GetSoftwareStartInjectedConvCmdStatus 0x080088e1   Thumb Code    20  stm32f4xx_adc.o(.text)
    ADC_AutoInjectedConvCmd                  0x080088f5   Thumb Code    22  stm32f4xx_adc.o(.text)
    ADC_InjectedDiscModeCmd                  0x0800890b   Thumb Code    22  stm32f4xx_adc.o(.text)
    ADC_GetInjectedConversionValue           0x08008921   Thumb Code    28  stm32f4xx_adc.o(.text)
    ADC_ITConfig                             0x0800893d   Thumb Code    56  stm32f4xx_adc.o(.text)
    ADC_GetFlagStatus                        0x08008975   Thumb Code    18  stm32f4xx_adc.o(.text)
    ADC_ClearFlag                            0x08008987   Thumb Code     6  stm32f4xx_adc.o(.text)
    ADC_GetITStatus                          0x0800898d   Thumb Code    38  stm32f4xx_adc.o(.text)
    ADC_ClearITPendingBit                    0x080089b3   Thumb Code    10  stm32f4xx_adc.o(.text)
    DMA_DeInit                               0x080089bd   Thumb Code   324  stm32f4xx_dma.o(.text)
    DMA_Init                                 0x08008b01   Thumb Code    82  stm32f4xx_dma.o(.text)
    DMA_StructInit                           0x08008b53   Thumb Code    34  stm32f4xx_dma.o(.text)
    DMA_Cmd                                  0x08008b75   Thumb Code    22  stm32f4xx_dma.o(.text)
    DMA_PeriphIncOffsetSizeConfig            0x08008b8b   Thumb Code    22  stm32f4xx_dma.o(.text)
    DMA_FlowControllerConfig                 0x08008ba1   Thumb Code    22  stm32f4xx_dma.o(.text)
    DMA_SetCurrDataCounter                   0x08008bb7   Thumb Code     4  stm32f4xx_dma.o(.text)
    DMA_GetCurrDataCounter                   0x08008bbb   Thumb Code     8  stm32f4xx_dma.o(.text)
    DMA_DoubleBufferModeConfig               0x08008bc3   Thumb Code    24  stm32f4xx_dma.o(.text)
    DMA_DoubleBufferModeCmd                  0x08008bdb   Thumb Code    22  stm32f4xx_dma.o(.text)
    DMA_MemoryTargetConfig                   0x08008bf1   Thumb Code    10  stm32f4xx_dma.o(.text)
    DMA_GetCurrentMemoryTarget               0x08008bfb   Thumb Code    20  stm32f4xx_dma.o(.text)
    DMA_GetCmdStatus                         0x08008c0f   Thumb Code    20  stm32f4xx_dma.o(.text)
    DMA_GetFIFOStatus                        0x08008c23   Thumb Code    12  stm32f4xx_dma.o(.text)
    DMA_GetFlagStatus                        0x08008c2f   Thumb Code    56  stm32f4xx_dma.o(.text)
    DMA_ClearFlag                            0x08008c67   Thumb Code    40  stm32f4xx_dma.o(.text)
    DMA_ITConfig                             0x08008c8f   Thumb Code    58  stm32f4xx_dma.o(.text)
    DMA_GetITStatus                          0x08008cc9   Thumb Code    84  stm32f4xx_dma.o(.text)
    DMA_ClearITPendingBit                    0x08008d1d   Thumb Code    40  stm32f4xx_dma.o(.text)
    TIM_DeInit                               0x08008d65   Thumb Code   346  stm32f4xx_tim.o(.text)
    TIM_TimeBaseInit                         0x08008ebf   Thumb Code   104  stm32f4xx_tim.o(.text)
    TIM_TimeBaseStructInit                   0x08008f27   Thumb Code    18  stm32f4xx_tim.o(.text)
    TIM_PrescalerConfig                      0x08008f39   Thumb Code     6  stm32f4xx_tim.o(.text)
    TIM_CounterModeConfig                    0x08008f3f   Thumb Code    18  stm32f4xx_tim.o(.text)
    TIM_SetCounter                           0x08008f51   Thumb Code     4  stm32f4xx_tim.o(.text)
    TIM_SetAutoreload                        0x08008f55   Thumb Code     4  stm32f4xx_tim.o(.text)
    TIM_GetCounter                           0x08008f59   Thumb Code     6  stm32f4xx_tim.o(.text)
    TIM_GetPrescaler                         0x08008f5f   Thumb Code     6  stm32f4xx_tim.o(.text)
    TIM_UpdateDisableConfig                  0x08008f65   Thumb Code    24  stm32f4xx_tim.o(.text)
    TIM_UpdateRequestConfig                  0x08008f7d   Thumb Code    24  stm32f4xx_tim.o(.text)
    TIM_ARRPreloadConfig                     0x08008f95   Thumb Code    24  stm32f4xx_tim.o(.text)
    TIM_SelectOnePulseMode                   0x08008fad   Thumb Code    18  stm32f4xx_tim.o(.text)
    TIM_SetClockDivision                     0x08008fbf   Thumb Code    18  stm32f4xx_tim.o(.text)
    TIM_Cmd                                  0x08008fd1   Thumb Code    24  stm32f4xx_tim.o(.text)
    TIM_OC1Init                              0x08008fe9   Thumb Code   114  stm32f4xx_tim.o(.text)
    TIM_OC2Init                              0x0800905b   Thumb Code   154  stm32f4xx_tim.o(.text)
    TIM_OC3Init                              0x080090f5   Thumb Code   204  stm32f4xx_tim.o(.text)
    TIM_OC4Init                              0x080091c1   Thumb Code   112  stm32f4xx_tim.o(.text)
    TIM_OCStructInit                         0x08009231   Thumb Code    20  stm32f4xx_tim.o(.text)
    TIM_SelectOCxM                           0x08009245   Thumb Code    86  stm32f4xx_tim.o(.text)
    TIM_SetCompare1                          0x0800929b   Thumb Code     4  stm32f4xx_tim.o(.text)
    TIM_SetCompare2                          0x0800929f   Thumb Code     4  stm32f4xx_tim.o(.text)
    TIM_SetCompare3                          0x080092a3   Thumb Code     4  stm32f4xx_tim.o(.text)
    TIM_SetCompare4                          0x080092a7   Thumb Code     4  stm32f4xx_tim.o(.text)
    TIM_ForcedOC1Config                      0x080092ab   Thumb Code    18  stm32f4xx_tim.o(.text)
    TIM_ForcedOC2Config                      0x080092bd   Thumb Code    26  stm32f4xx_tim.o(.text)
    TIM_ForcedOC3Config                      0x080092d7   Thumb Code    18  stm32f4xx_tim.o(.text)
    TIM_ForcedOC4Config                      0x080092e9   Thumb Code    26  stm32f4xx_tim.o(.text)
    TIM_OC1PreloadConfig                     0x08009303   Thumb Code    18  stm32f4xx_tim.o(.text)
    TIM_OC2PreloadConfig                     0x08009315   Thumb Code    26  stm32f4xx_tim.o(.text)
    TIM_OC3PreloadConfig                     0x0800932f   Thumb Code    18  stm32f4xx_tim.o(.text)
    TIM_OC4PreloadConfig                     0x08009341   Thumb Code    26  stm32f4xx_tim.o(.text)
    TIM_OC1FastConfig                        0x0800935b   Thumb Code    18  stm32f4xx_tim.o(.text)
    TIM_OC2FastConfig                        0x0800936d   Thumb Code    26  stm32f4xx_tim.o(.text)
    TIM_OC3FastConfig                        0x08009387   Thumb Code    18  stm32f4xx_tim.o(.text)
    TIM_OC4FastConfig                        0x08009399   Thumb Code    26  stm32f4xx_tim.o(.text)
    TIM_ClearOC1Ref                          0x080093b3   Thumb Code    18  stm32f4xx_tim.o(.text)
    TIM_ClearOC2Ref                          0x080093c5   Thumb Code    24  stm32f4xx_tim.o(.text)
    TIM_ClearOC3Ref                          0x080093dd   Thumb Code    18  stm32f4xx_tim.o(.text)
    TIM_ClearOC4Ref                          0x080093ef   Thumb Code    24  stm32f4xx_tim.o(.text)
    TIM_OC1PolarityConfig                    0x08009407   Thumb Code    18  stm32f4xx_tim.o(.text)
    TIM_OC1NPolarityConfig                   0x08009419   Thumb Code    18  stm32f4xx_tim.o(.text)
    TIM_OC2PolarityConfig                    0x0800942b   Thumb Code    26  stm32f4xx_tim.o(.text)
    TIM_OC2NPolarityConfig                   0x08009445   Thumb Code    26  stm32f4xx_tim.o(.text)
    TIM_OC3PolarityConfig                    0x0800945f   Thumb Code    26  stm32f4xx_tim.o(.text)
    TIM_OC3NPolarityConfig                   0x08009479   Thumb Code    26  stm32f4xx_tim.o(.text)
    TIM_OC4PolarityConfig                    0x08009493   Thumb Code    26  stm32f4xx_tim.o(.text)
    TIM_CCxCmd                               0x080094ad   Thumb Code    30  stm32f4xx_tim.o(.text)
    TIM_CCxNCmd                              0x080094cb   Thumb Code    30  stm32f4xx_tim.o(.text)
    TIM_SetIC4Prescaler                      0x080094e9   Thumb Code    26  stm32f4xx_tim.o(.text)
    TIM_SetIC3Prescaler                      0x08009553   Thumb Code    18  stm32f4xx_tim.o(.text)
    TIM_SetIC2Prescaler                      0x080095ad   Thumb Code    26  stm32f4xx_tim.o(.text)
    TIM_SetIC1Prescaler                      0x08009621   Thumb Code    18  stm32f4xx_tim.o(.text)
    TIM_ICInit                               0x0800966d   Thumb Code   110  stm32f4xx_tim.o(.text)
    TIM_ICStructInit                         0x080096db   Thumb Code    18  stm32f4xx_tim.o(.text)
    TIM_PWMIConfig                           0x080096ed   Thumb Code   124  stm32f4xx_tim.o(.text)
    TIM_GetCapture1                          0x08009769   Thumb Code     6  stm32f4xx_tim.o(.text)
    TIM_GetCapture2                          0x0800976f   Thumb Code     6  stm32f4xx_tim.o(.text)
    TIM_GetCapture3                          0x08009775   Thumb Code     6  stm32f4xx_tim.o(.text)
    TIM_GetCapture4                          0x0800977b   Thumb Code     6  stm32f4xx_tim.o(.text)
    TIM_BDTRConfig                           0x08009781   Thumb Code    32  stm32f4xx_tim.o(.text)
    TIM_BDTRStructInit                       0x080097a1   Thumb Code    18  stm32f4xx_tim.o(.text)
    TIM_CtrlPWMOutputs                       0x080097b3   Thumb Code    30  stm32f4xx_tim.o(.text)
    TIM_SelectCOM                            0x080097d1   Thumb Code    24  stm32f4xx_tim.o(.text)
    TIM_CCPreloadControl                     0x080097e9   Thumb Code    24  stm32f4xx_tim.o(.text)
    TIM_ITConfig                             0x08009801   Thumb Code    18  stm32f4xx_tim.o(.text)
    TIM_GenerateEvent                        0x08009813   Thumb Code     4  stm32f4xx_tim.o(.text)
    TIM_GetFlagStatus                        0x08009817   Thumb Code    18  stm32f4xx_tim.o(.text)
    TIM_ClearFlag                            0x08009829   Thumb Code     6  stm32f4xx_tim.o(.text)
    TIM_GetITStatus                          0x0800982f   Thumb Code    34  stm32f4xx_tim.o(.text)
    TIM_ClearITPendingBit                    0x08009851   Thumb Code     6  stm32f4xx_tim.o(.text)
    TIM_DMAConfig                            0x08009857   Thumb Code    10  stm32f4xx_tim.o(.text)
    TIM_DMACmd                               0x08009861   Thumb Code    18  stm32f4xx_tim.o(.text)
    TIM_SelectCCDMA                          0x08009873   Thumb Code    24  stm32f4xx_tim.o(.text)
    TIM_InternalClockConfig                  0x0800988b   Thumb Code    12  stm32f4xx_tim.o(.text)
    TIM_SelectInputTrigger                   0x08009897   Thumb Code    18  stm32f4xx_tim.o(.text)
    TIM_ITRxExternalClockConfig              0x080098a9   Thumb Code    24  stm32f4xx_tim.o(.text)
    TIM_TIxExternalClockConfig               0x080098c1   Thumb Code    62  stm32f4xx_tim.o(.text)
    TIM_ETRConfig                            0x080098ff   Thumb Code    28  stm32f4xx_tim.o(.text)
    TIM_ETRClockMode1Config                  0x0800991b   Thumb Code    54  stm32f4xx_tim.o(.text)
    TIM_ETRClockMode2Config                  0x08009951   Thumb Code    32  stm32f4xx_tim.o(.text)
    TIM_SelectOutputTrigger                  0x08009971   Thumb Code    18  stm32f4xx_tim.o(.text)
    TIM_SelectSlaveMode                      0x08009983   Thumb Code    18  stm32f4xx_tim.o(.text)
    TIM_SelectMasterSlaveMode                0x08009995   Thumb Code    18  stm32f4xx_tim.o(.text)
    TIM_EncoderInterfaceConfig               0x080099a7   Thumb Code    66  stm32f4xx_tim.o(.text)
    TIM_SelectHallSensor                     0x080099e9   Thumb Code    24  stm32f4xx_tim.o(.text)
    TIM_RemapConfig                          0x08009a01   Thumb Code     6  stm32f4xx_tim.o(.text)
    __use_no_semihosting                     0x08009a07   Thumb Code     2  use_no_semi_2.o(.text)
    __2printf                                0x08009a09   Thumb Code    20  noretval__2printf.o(.text)
    __2sprintf                               0x08009a21   Thumb Code    34  noretval__2sprintf.o(.text)
    _printf_pre_padding                      0x08009a49   Thumb Code    44  _printf_pad.o(.text)
    _printf_post_padding                     0x08009a75   Thumb Code    34  _printf_pad.o(.text)
    _printf_int_dec                          0x08009a99   Thumb Code   104  _printf_dec.o(.text)
    _printf_int_hex                          0x08009b11   Thumb Code    84  _printf_hex_int.o(.text)
    _printf_longlong_hex                     0x08009b11   Thumb Code     0  _printf_hex_int.o(.text)
    __printf                                 0x08009b69   Thumb Code   308  __printf_flags_wp.o(.text)
    __use_two_region_memory                  0x08009ca1   Thumb Code     2  heapauxi.o(.text)
    __rt_heap_escrow$2region                 0x08009ca3   Thumb Code     2  heapauxi.o(.text)
    __rt_heap_expand$2region                 0x08009ca5   Thumb Code     2  heapauxi.o(.text)
    __I$use$semihosting                      0x08009ca7   Thumb Code     0  use_no_semi.o(.text)
    __use_no_semihosting_swi                 0x08009ca7   Thumb Code     2  use_no_semi.o(.text)
    __read_errno                             0x08009ca9   Thumb Code    10  _rserrno.o(.text)
    __set_errno                              0x08009cb3   Thumb Code    12  _rserrno.o(.text)
    _printf_int_common                       0x08009cbf   Thumb Code   178  _printf_intcommon.o(.text)
    __lib_sel_fp_printf                      0x08009d71   Thumb Code     2  _printf_fp_dec.o(.text)
    _printf_fp_dec_real                      0x08009f1f   Thumb Code   620  _printf_fp_dec.o(.text)
    _printf_char_common                      0x0800a197   Thumb Code    32  _printf_char_common.o(.text)
    _sputc                                   0x0800a1bd   Thumb Code    10  _sputc.o(.text)
    _printf_char_file                        0x0800a1c9   Thumb Code    32  _printf_char_file.o(.text)
    __rt_locale                              0x0800a1ed   Thumb Code     8  rt_locale_intlibspace.o(.text)
    __aeabi_errno_addr                       0x0800a1f5   Thumb Code     8  rt_errno_addr_intlibspace.o(.text)
    __errno$intlibspace                      0x0800a1f5   Thumb Code     0  rt_errno_addr_intlibspace.o(.text)
    __rt_errno_addr$intlibspace              0x0800a1f5   Thumb Code     0  rt_errno_addr_intlibspace.o(.text)
    _ll_udiv10                               0x0800a1fd   Thumb Code   138  lludiv10.o(.text)
    _printf_fp_infnan                        0x0800a289   Thumb Code   112  _printf_fp_infnan.o(.text)
    _btod_etento                             0x0800a309   Thumb Code   216  bigflt0.o(.text)
    ferror                                   0x0800a3e5   Thumb Code     8  ferror.o(.text)
    __user_libspace                          0x0800a3ed   Thumb Code     8  libspace.o(.text)
    __user_perproc_libspace                  0x0800a3ed   Thumb Code     0  libspace.o(.text)
    __user_perthread_libspace                0x0800a3ed   Thumb Code     0  libspace.o(.text)
    __user_setup_stackheap                   0x0800a3f5   Thumb Code    74  sys_stackheap_outer.o(.text)
    exit                                     0x0800a43f   Thumb Code    12  exit.o(.text)
    strcmp                                   0x0800a44d   Thumb Code   128  strcmpv7m.o(.text)
    _btod_d2e                                0x0800a4cd   Thumb Code    62  btod.o(CL$$btod_d2e)
    _d2e_denorm_low                          0x0800a50b   Thumb Code    70  btod.o(CL$$btod_d2e_denorm_low)
    _d2e_norm_op1                            0x0800a551   Thumb Code    96  btod.o(CL$$btod_d2e_norm_op1)
    __btod_div_common                        0x0800a5b1   Thumb Code   696  btod.o(CL$$btod_div_common)
    _e2e                                     0x0800a8e9   Thumb Code   198  btod.o(CL$$btod_e2e)
    _btod_ediv                               0x0800a9af   Thumb Code    40  btod.o(CL$$btod_ediv)
    _btod_emul                               0x0800a9d7   Thumb Code    40  btod.o(CL$$btod_emul)
    __btod_mult_common                       0x0800a9ff   Thumb Code   580  btod.o(CL$$btod_mult_common)
    __ARM_fpclassify                         0x0800ac43   Thumb Code    48  fpclassify.o(i.__ARM_fpclassify)
    __hardfp_pow                             0x0800ac79   Thumb Code  3044  pow.o(i.__hardfp_pow)
    __hardfp_sqrt                            0x0800b8b1   Thumb Code   122  sqrt.o(i.__hardfp_sqrt)
    __kernel_poly                            0x0800b92b   Thumb Code   248  poly.o(i.__kernel_poly)
    __mathlib_dbl_divzero                    0x0800ba29   Thumb Code    28  dunder.o(i.__mathlib_dbl_divzero)
    __mathlib_dbl_infnan2                    0x0800ba59   Thumb Code    20  dunder.o(i.__mathlib_dbl_infnan2)
    __mathlib_dbl_invalid                    0x0800ba71   Thumb Code    24  dunder.o(i.__mathlib_dbl_invalid)
    __mathlib_dbl_overflow                   0x0800ba91   Thumb Code    24  dunder.o(i.__mathlib_dbl_overflow)
    __mathlib_dbl_underflow                  0x0800bab1   Thumb Code    24  dunder.o(i.__mathlib_dbl_underflow)
    _is_digit                                0x0800bad1   Thumb Code    14  __printf_wp.o(i._is_digit)
    fabs                                     0x0800badf   Thumb Code    24  fabs.o(i.fabs)
    sqrt                                     0x0800baf7   Thumb Code   110  sqrt.o(i.sqrt)
    _get_lc_numeric                          0x0800bb65   Thumb Code    44  lc_numeric_c.o(locale$$code)
    __aeabi_dneg                             0x0800bb91   Thumb Code     0  basic.o(x$fpl$basic)
    _dneg                                    0x0800bb91   Thumb Code     6  basic.o(x$fpl$basic)
    __aeabi_fneg                             0x0800bb97   Thumb Code     0  basic.o(x$fpl$basic)
    _fneg                                    0x0800bb97   Thumb Code     6  basic.o(x$fpl$basic)
    _dabs                                    0x0800bb9d   Thumb Code     6  basic.o(x$fpl$basic)
    _fabs                                    0x0800bba3   Thumb Code     6  basic.o(x$fpl$basic)
    __aeabi_d2f                              0x0800bba9   Thumb Code     0  d2f.o(x$fpl$d2f)
    _d2f                                     0x0800bba9   Thumb Code    98  d2f.o(x$fpl$d2f)
    __aeabi_dadd                             0x0800bc0d   Thumb Code     0  daddsub_clz.o(x$fpl$dadd)
    _dadd                                    0x0800bc0d   Thumb Code   332  daddsub_clz.o(x$fpl$dadd)
    __fpl_dcheck_NaN1                        0x0800bd5d   Thumb Code    10  dcheck1.o(x$fpl$dcheck1)
    __fpl_dcmp_Inf                           0x0800bd6d   Thumb Code    24  dcmpi.o(x$fpl$dcmpinf)
    __aeabi_ddiv                             0x0800bd85   Thumb Code     0  ddiv.o(x$fpl$ddiv)
    _ddiv                                    0x0800bd85   Thumb Code   552  ddiv.o(x$fpl$ddiv)
    __aeabi_d2uiz                            0x0800c035   Thumb Code     0  dfixu.o(x$fpl$dfixu)
    _dfixu                                   0x0800c035   Thumb Code    90  dfixu.o(x$fpl$dfixu)
    __aeabi_i2d                              0x0800c08f   Thumb Code     0  dflt_clz.o(x$fpl$dflt)
    _dflt                                    0x0800c08f   Thumb Code    46  dflt_clz.o(x$fpl$dflt)
    __aeabi_ui2d                             0x0800c0bd   Thumb Code     0  dflt_clz.o(x$fpl$dfltu)
    _dfltu                                   0x0800c0bd   Thumb Code    38  dflt_clz.o(x$fpl$dfltu)
    __aeabi_cdcmple                          0x0800c0e5   Thumb Code     0  dleqf.o(x$fpl$dleqf)
    _dcmple                                  0x0800c0e5   Thumb Code   120  dleqf.o(x$fpl$dleqf)
    __fpl_dcmple_InfNaN                      0x0800c147   Thumb Code     0  dleqf.o(x$fpl$dleqf)
    __aeabi_dmul                             0x0800c15d   Thumb Code     0  dmul.o(x$fpl$dmul)
    _dmul                                    0x0800c15d   Thumb Code   332  dmul.o(x$fpl$dmul)
    __fpl_dnaninf                            0x0800c2b1   Thumb Code   156  dnaninf.o(x$fpl$dnaninf)
    __fpl_dretinf                            0x0800c34d   Thumb Code    12  dretinf.o(x$fpl$dretinf)
    __aeabi_cdrcmple                         0x0800c359   Thumb Code     0  drleqf.o(x$fpl$drleqf)
    _drcmple                                 0x0800c359   Thumb Code   108  drleqf.o(x$fpl$drleqf)
    __aeabi_drsub                            0x0800c3c5   Thumb Code     0  daddsub_clz.o(x$fpl$drsb)
    _drsb                                    0x0800c3c5   Thumb Code    22  daddsub_clz.o(x$fpl$drsb)
    _dsqrt                                   0x0800c3dd   Thumb Code   404  dsqrt_umaal.o(x$fpl$dsqrt)
    __aeabi_dsub                             0x0800c575   Thumb Code     0  daddsub_clz.o(x$fpl$dsub)
    _dsub                                    0x0800c575   Thumb Code   464  daddsub_clz.o(x$fpl$dsub)
    __aeabi_f2d                              0x0800c749   Thumb Code     0  f2d.o(x$fpl$f2d)
    _f2d                                     0x0800c749   Thumb Code    86  f2d.o(x$fpl$f2d)
    __fpl_fnaninf                            0x0800c79f   Thumb Code   140  fnaninf.o(x$fpl$fnaninf)
    _fp_init                                 0x0800c82b   Thumb Code    10  fpinit.o(x$fpl$fpinit)
    __fplib_config_fpu_vfp                   0x0800c833   Thumb Code     0  fpinit.o(x$fpl$fpinit)
    __fplib_config_pureend_doubles           0x0800c833   Thumb Code     0  fpinit.o(x$fpl$fpinit)
    __fpl_fretinf                            0x0800c835   Thumb Code    10  fretinf.o(x$fpl$fretinf)
    _printf_fp_dec                           0x0800c83f   Thumb Code     4  printf1.o(x$fpl$printf1)
    __fpl_return_NaN                         0x0800c843   Thumb Code   100  retnan.o(x$fpl$retnan)
    __ARM_scalbn                             0x0800c8a7   Thumb Code    92  scalbn.o(x$fpl$scalbn)
    __fpl_cmpreturn                          0x0800c903   Thumb Code    48  trapv.o(x$fpl$trapveneer)
    __I$use$fp                               0x0800c932   Number         0  usenofp.o(x$fpl$usenofp)
    asc2_1206                                0x0800c932   Data        1140  lcd.o(.constdata)
    asc2_1608                                0x0800cda6   Data        1520  lcd.o(.constdata)
    asc2_2412                                0x0800d396   Data        3420  lcd.o(.constdata)
    FSMC_DefaultTimingStruct                 0x0800e0f4   Data          28  stm32f4xx_fsmc.o(.constdata)
    __mathlib_zero                           0x0800e1d8   Data           8  qnan.o(.constdata)
    Region$$Table$$Base                      0x0800e290   Number         0  anon$$obj.o(Region$$Table)
    Region$$Table$$Limit                     0x0800e2b0   Number         0  anon$$obj.o(Region$$Table)
    Adresult                                 0x20000000   Data           4  main.o(.data)
    trig                                     0x20000004   Data           4  main.o(.data)
    con_sta                                  0x20000008   Data           1  main.o(.data)
    func_sta                                 0x20000009   Data           1  main.o(.data)
    avg                                      0x2000000a   Data           1  main.o(.data)
    tim                                      0x2000000b   Data           1  main.o(.data)
    run_sta                                  0x2000000c   Data           1  main.o(.data)
    Yinit                                    0x2000000e   Data           2  main.o(.data)
    max_data                                 0x20000010   Data           4  main.o(.data)
    max_data2                                0x20000014   Data           4  main.o(.data)
    temp                                     0x20000018   Data           4  main.o(.data)
    freq                                     0x2000001c   Data           4  main.o(.data)
    Ypos2_bia                                0x20000020   Data           4  main.o(.data)
    Xpos_bia                                 0x20000024   Data           4  main.o(.data)
    Y_sen                                    0x20000028   Data           4  main.o(.data)
    Y_sen_num                                0x2000002c   Data          24  main.o(.data)
    Y_sen_buff                               0x20000044   Data          12  main.o(.data)
    X_sen                                    0x20000050   Data           4  main.o(.data)
    X_sen_num                                0x20000054   Data          28  main.o(.data)
    X_sen_buff                               0x20000070   Data          14  main.o(.data)
    waveform                                 0x20000080   Data          16  main.o(.data)
    wave                                     0x20000090   Data           4  main.o(.data)
    RMS                                      0x20000098   Data           8  main.o(.data)
    DutyCycle_square                         0x200000a0   Data           8  main.o(.data)
    result                                   0x200000a8   Data           4  main.o(.data)
    SystemCoreClock                          0x200000d4   Data           4  system_stm32f4xx.o(.data)
    AHBPrescTable                            0x200000d8   Data          16  system_stm32f4xx.o(.data)
    POINT_COLOR                              0x200000e8   Data           2  lcd.o(.data)
    BACK_COLOR                               0x200000ea   Data           2  lcd.o(.data)
    __stdout                                 0x200000f4   Data           4  usart.o(.data)
    USART_RX_STA                             0x200000f8   Data           2  usart.o(.data)
    buff                                     0x2000010c   Data        1600  main.o(.bss)
    buff1                                    0x2000074c   Data        2000  main.o(.bss)
    ADC_ConvertedValue                       0x20000f1c   Data        4800  main.o(.bss)
    Vpp_buff                                 0x200021dc   Data          20  main.o(.bss)
    test_buff                                0x200021f0   Data          20  main.o(.bss)
    lcddev                                   0x20002210   Data          14  lcd.o(.bss)
    USART_RX_BUF                             0x2000221e   Data         200  usart.o(.bss)
    __libspace_start                         0x200022e8   Data          96  libspace.o(.bss)
    __temporary_stack_top$libspace           0x20002348   Data           0  libspace.o(.bss)



==============================================================================

Memory Map of the image

  Image Entry point : 0x08000189

  Load Region LR_IROM1 (Base: 0x08000000, Size: 0x0000e3d8, Max: 0x00100000, ABSOLUTE)

    Execution Region ER_IROM1 (Base: 0x08000000, Size: 0x0000e2cc, Max: 0x00100000, ABSOLUTE)

    Base Addr    Size         Type   Attr      Idx    E Section Name        Object

    0x08000000   0x00000188   Data   RO          440    RESET               startup_stm32f40_41xxx.o
    0x08000188   0x00000008   Code   RO          715  * !!!main             c_w.l(__main.o)
    0x08000190   0x00000034   Code   RO         1040    !!!scatter          c_w.l(__scatter.o)
    0x080001c4   0x0000001a   Code   RO         1042    !!handler_copy      c_w.l(__scatter_copy.o)
    0x080001de   0x00000002   PAD
    0x080001e0   0x0000001c   Code   RO         1044    !!handler_zi        c_w.l(__scatter_zi.o)
    0x080001fc   0x00000000   Code   RO          712    .ARM.Collect$$_printf_percent$$00000000  c_w.l(_printf_percent.o)
    0x080001fc   0x00000006   Code   RO          711    .ARM.Collect$$_printf_percent$$00000003  c_w.l(_printf_f.o)
    0x08000202   0x00000006   Code   RO          710    .ARM.Collect$$_printf_percent$$00000009  c_w.l(_printf_d.o)
    0x08000208   0x00000006   Code   RO          709    .ARM.Collect$$_printf_percent$$0000000C  c_w.l(_printf_x.o)
    0x0800020e   0x00000004   Code   RO          784    .ARM.Collect$$_printf_percent$$00000017  c_w.l(_printf_percent_end.o)
    0x08000212   0x00000002   Code   RO          914    .ARM.Collect$$libinit$$00000000  c_w.l(libinit.o)
    0x08000214   0x00000004   Code   RO          915    .ARM.Collect$$libinit$$00000001  c_w.l(libinit2.o)
    0x08000218   0x00000000   Code   RO          918    .ARM.Collect$$libinit$$00000004  c_w.l(libinit2.o)
    0x08000218   0x00000000   Code   RO          921    .ARM.Collect$$libinit$$0000000A  c_w.l(libinit2.o)
    0x08000218   0x00000000   Code   RO          923    .ARM.Collect$$libinit$$0000000C  c_w.l(libinit2.o)
    0x08000218   0x00000000   Code   RO          925    .ARM.Collect$$libinit$$0000000E  c_w.l(libinit2.o)
    0x08000218   0x00000006   Code   RO          926    .ARM.Collect$$libinit$$0000000F  c_w.l(libinit2.o)
    0x0800021e   0x00000000   Code   RO          928    .ARM.Collect$$libinit$$00000011  c_w.l(libinit2.o)
    0x0800021e   0x00000000   Code   RO          930    .ARM.Collect$$libinit$$00000013  c_w.l(libinit2.o)
    0x0800021e   0x00000000   Code   RO          932    .ARM.Collect$$libinit$$00000015  c_w.l(libinit2.o)
    0x0800021e   0x0000000a   Code   RO          933    .ARM.Collect$$libinit$$00000016  c_w.l(libinit2.o)
    0x08000228   0x00000000   Code   RO          934    .ARM.Collect$$libinit$$00000017  c_w.l(libinit2.o)
    0x08000228   0x00000000   Code   RO          936    .ARM.Collect$$libinit$$00000019  c_w.l(libinit2.o)
    0x08000228   0x00000000   Code   RO          938    .ARM.Collect$$libinit$$0000001B  c_w.l(libinit2.o)
    0x08000228   0x00000000   Code   RO          940    .ARM.Collect$$libinit$$0000001D  c_w.l(libinit2.o)
    0x08000228   0x00000000   Code   RO          942    .ARM.Collect$$libinit$$0000001F  c_w.l(libinit2.o)
    0x08000228   0x00000000   Code   RO          944    .ARM.Collect$$libinit$$00000021  c_w.l(libinit2.o)
    0x08000228   0x00000000   Code   RO          946    .ARM.Collect$$libinit$$00000023  c_w.l(libinit2.o)
    0x08000228   0x00000000   Code   RO          948    .ARM.Collect$$libinit$$00000025  c_w.l(libinit2.o)
    0x08000228   0x00000000   Code   RO          952    .ARM.Collect$$libinit$$0000002C  c_w.l(libinit2.o)
    0x08000228   0x00000000   Code   RO          954    .ARM.Collect$$libinit$$0000002E  c_w.l(libinit2.o)
    0x08000228   0x00000000   Code   RO          956    .ARM.Collect$$libinit$$00000030  c_w.l(libinit2.o)
    0x08000228   0x00000000   Code   RO          958    .ARM.Collect$$libinit$$00000032  c_w.l(libinit2.o)
    0x08000228   0x00000002   Code   RO          959    .ARM.Collect$$libinit$$00000033  c_w.l(libinit2.o)
    0x0800022a   0x00000002   Code   RO          991    .ARM.Collect$$libshutdown$$00000000  c_w.l(libshutdown.o)
    0x0800022c   0x00000000   Code   RO         1001    .ARM.Collect$$libshutdown$$00000003  c_w.l(libshutdown2.o)
    0x0800022c   0x00000000   Code   RO         1004    .ARM.Collect$$libshutdown$$00000006  c_w.l(libshutdown2.o)
    0x0800022c   0x00000000   Code   RO         1007    .ARM.Collect$$libshutdown$$00000009  c_w.l(libshutdown2.o)
    0x0800022c   0x00000000   Code   RO         1009    .ARM.Collect$$libshutdown$$0000000B  c_w.l(libshutdown2.o)
    0x0800022c   0x00000000   Code   RO         1012    .ARM.Collect$$libshutdown$$0000000E  c_w.l(libshutdown2.o)
    0x0800022c   0x00000002   Code   RO         1013    .ARM.Collect$$libshutdown$$0000000F  c_w.l(libshutdown2.o)
    0x0800022e   0x00000000   Code   RO          771    .ARM.Collect$$rtentry$$00000000  c_w.l(__rtentry.o)
    0x0800022e   0x00000000   Code   RO          834    .ARM.Collect$$rtentry$$00000002  c_w.l(__rtentry2.o)
    0x0800022e   0x00000006   Code   RO          846    .ARM.Collect$$rtentry$$00000004  c_w.l(__rtentry4.o)
    0x08000234   0x00000000   Code   RO          836    .ARM.Collect$$rtentry$$00000009  c_w.l(__rtentry2.o)
    0x08000234   0x00000004   Code   RO          837    .ARM.Collect$$rtentry$$0000000A  c_w.l(__rtentry2.o)
    0x08000238   0x00000000   Code   RO          839    .ARM.Collect$$rtentry$$0000000C  c_w.l(__rtentry2.o)
    0x08000238   0x00000008   Code   RO          840    .ARM.Collect$$rtentry$$0000000D  c_w.l(__rtentry2.o)
    0x08000240   0x00000002   Code   RO          962    .ARM.Collect$$rtexit$$00000000  c_w.l(rtexit.o)
    0x08000242   0x00000000   Code   RO          971    .ARM.Collect$$rtexit$$00000002  c_w.l(rtexit2.o)
    0x08000242   0x00000004   Code   RO          972    .ARM.Collect$$rtexit$$00000003  c_w.l(rtexit2.o)
    0x08000246   0x00000006   Code   RO          973    .ARM.Collect$$rtexit$$00000004  c_w.l(rtexit2.o)
    0x0800024c   0x00001908   Code   RO            3    .text               main.o
    0x08001b54   0x0000001a   Code   RO          175    .text               stm32f4xx_it.o
    0x08001b6e   0x00000002   PAD
    0x08001b70   0x00000210   Code   RO          224    .text               system_stm32f4xx.o
    0x08001d80   0x00000040   Code   RO          250    .text               led.o
    0x08001dc0   0x00004f70   Code   RO          270    .text               lcd.o
    0x08006d30   0x000001b0   Code   RO          328    .text               key.o
    0x08006ee0   0x00000104   Code   RO          369    .text               delay.o
    0x08006fe4   0x00000148   Code   RO          409    .text               usart.o
    0x0800712c   0x00000040   Code   RO          441    .text               startup_stm32f40_41xxx.o
    0x0800716c   0x000000e0   Code   RO          447    .text               misc.o
    0x0800724c   0x00000294   Code   RO          467    .text               stm32f4xx_gpio.o
    0x080074e0   0x000005c8   Code   RO          487    .text               stm32f4xx_fsmc.o
    0x08007aa8   0x0000065c   Code   RO          510    .text               stm32f4xx_rcc.o
    0x08008104   0x00000454   Code   RO          552    .text               stm32f4xx_usart.o
    0x08008558   0x00000464   Code   RO          572    .text               stm32f4xx_adc.o
    0x080089bc   0x000003a8   Code   RO          612    .text               stm32f4xx_dma.o
    0x08008d64   0x00000ca2   Code   RO          632    .text               stm32f4xx_tim.o
    0x08009a06   0x00000002   Code   RO          652    .text               c_w.l(use_no_semi_2.o)
    0x08009a08   0x00000018   Code   RO          658    .text               c_w.l(noretval__2printf.o)
    0x08009a20   0x00000028   Code   RO          660    .text               c_w.l(noretval__2sprintf.o)
    0x08009a48   0x0000004e   Code   RO          664    .text               c_w.l(_printf_pad.o)
    0x08009a96   0x00000002   PAD
    0x08009a98   0x00000078   Code   RO          666    .text               c_w.l(_printf_dec.o)
    0x08009b10   0x00000058   Code   RO          671    .text               c_w.l(_printf_hex_int.o)
    0x08009b68   0x00000138   Code   RO          701    .text               c_w.l(__printf_flags_wp.o)
    0x08009ca0   0x00000006   Code   RO          713    .text               c_w.l(heapauxi.o)
    0x08009ca6   0x00000002   Code   RO          769    .text               c_w.l(use_no_semi.o)
    0x08009ca8   0x00000016   Code   RO          772    .text               c_w.l(_rserrno.o)
    0x08009cbe   0x000000b2   Code   RO          774    .text               c_w.l(_printf_intcommon.o)
    0x08009d70   0x0000041a   Code   RO          776    .text               c_w.l(_printf_fp_dec.o)
    0x0800a18a   0x00000002   PAD
    0x0800a18c   0x00000030   Code   RO          778    .text               c_w.l(_printf_char_common.o)
    0x0800a1bc   0x0000000a   Code   RO          780    .text               c_w.l(_sputc.o)
    0x0800a1c6   0x00000002   PAD
    0x0800a1c8   0x00000024   Code   RO          782    .text               c_w.l(_printf_char_file.o)
    0x0800a1ec   0x00000008   Code   RO          851    .text               c_w.l(rt_locale_intlibspace.o)
    0x0800a1f4   0x00000008   Code   RO          856    .text               c_w.l(rt_errno_addr_intlibspace.o)
    0x0800a1fc   0x0000008a   Code   RO          858    .text               c_w.l(lludiv10.o)
    0x0800a286   0x00000002   PAD
    0x0800a288   0x00000080   Code   RO          860    .text               c_w.l(_printf_fp_infnan.o)
    0x0800a308   0x000000dc   Code   RO          864    .text               c_w.l(bigflt0.o)
    0x0800a3e4   0x00000008   Code   RO          889    .text               c_w.l(ferror.o)
    0x0800a3ec   0x00000008   Code   RO          900    .text               c_w.l(libspace.o)
    0x0800a3f4   0x0000004a   Code   RO          903    .text               c_w.l(sys_stackheap_outer.o)
    0x0800a43e   0x0000000c   Code   RO          905    .text               c_w.l(exit.o)
    0x0800a44a   0x00000002   PAD
    0x0800a44c   0x00000080   Code   RO          907    .text               c_w.l(strcmpv7m.o)
    0x0800a4cc   0x0000003e   Code   RO          867    CL$$btod_d2e        c_w.l(btod.o)
    0x0800a50a   0x00000046   Code   RO          869    CL$$btod_d2e_denorm_low  c_w.l(btod.o)
    0x0800a550   0x00000060   Code   RO          868    CL$$btod_d2e_norm_op1  c_w.l(btod.o)
    0x0800a5b0   0x00000338   Code   RO          877    CL$$btod_div_common  c_w.l(btod.o)
    0x0800a8e8   0x000000c6   Code   RO          874    CL$$btod_e2e        c_w.l(btod.o)
    0x0800a9ae   0x00000028   Code   RO          871    CL$$btod_ediv       c_w.l(btod.o)
    0x0800a9d6   0x00000028   Code   RO          870    CL$$btod_emul       c_w.l(btod.o)
    0x0800a9fe   0x00000244   Code   RO          876    CL$$btod_mult_common  c_w.l(btod.o)
    0x0800ac42   0x00000030   Code   RO          828    i.__ARM_fpclassify  m_wm.l(fpclassify.o)
    0x0800ac72   0x00000006   PAD
    0x0800ac78   0x00000c38   Code   RO          743    i.__hardfp_pow      m_wm.l(pow.o)
    0x0800b8b0   0x0000007a   Code   RO          757    i.__hardfp_sqrt     m_wm.l(sqrt.o)
    0x0800b92a   0x000000f8   Code   RO          830    i.__kernel_poly     m_wm.l(poly.o)
    0x0800ba22   0x00000006   PAD
    0x0800ba28   0x00000030   Code   RO          808    i.__mathlib_dbl_divzero  m_wm.l(dunder.o)
    0x0800ba58   0x00000014   Code   RO          810    i.__mathlib_dbl_infnan2  m_wm.l(dunder.o)
    0x0800ba6c   0x00000004   PAD
    0x0800ba70   0x00000020   Code   RO          811    i.__mathlib_dbl_invalid  m_wm.l(dunder.o)
    0x0800ba90   0x00000020   Code   RO          812    i.__mathlib_dbl_overflow  m_wm.l(dunder.o)
    0x0800bab0   0x00000020   Code   RO          814    i.__mathlib_dbl_underflow  m_wm.l(dunder.o)
    0x0800bad0   0x0000000e   Code   RO          699    i._is_digit         c_w.l(__printf_wp.o)
    0x0800bade   0x00000018   Code   RO          824    i.fabs              m_wm.l(fabs.o)
    0x0800baf6   0x0000006e   Code   RO          759    i.sqrt              m_wm.l(sqrt.o)
    0x0800bb64   0x0000002c   Code   RO          894    locale$$code        c_w.l(lc_numeric_c.o)
    0x0800bb90   0x00000018   Code   RO          785    x$fpl$basic         fz_wm.l(basic.o)
    0x0800bba8   0x00000062   Code   RO          717    x$fpl$d2f           fz_wm.l(d2f.o)
    0x0800bc0a   0x00000002   PAD
    0x0800bc0c   0x00000150   Code   RO          787    x$fpl$dadd          fz_wm.l(daddsub_clz.o)
    0x0800bd5c   0x00000010   Code   RO          896    x$fpl$dcheck1       fz_wm.l(dcheck1.o)
    0x0800bd6c   0x00000018   Code   RO          793    x$fpl$dcmpinf       fz_wm.l(dcmpi.o)
    0x0800bd84   0x000002b0   Code   RO          720    x$fpl$ddiv          fz_wm.l(ddiv.o)
    0x0800c034   0x0000005a   Code   RO          723    x$fpl$dfixu         fz_wm.l(dfixu.o)
    0x0800c08e   0x0000002e   Code   RO          728    x$fpl$dflt          fz_wm.l(dflt_clz.o)
    0x0800c0bc   0x00000026   Code   RO          727    x$fpl$dfltu         fz_wm.l(dflt_clz.o)
    0x0800c0e2   0x00000002   PAD
    0x0800c0e4   0x00000078   Code   RO          733    x$fpl$dleqf         fz_wm.l(dleqf.o)
    0x0800c15c   0x00000154   Code   RO          735    x$fpl$dmul          fz_wm.l(dmul.o)
    0x0800c2b0   0x0000009c   Code   RO          795    x$fpl$dnaninf       fz_wm.l(dnaninf.o)
    0x0800c34c   0x0000000c   Code   RO          797    x$fpl$dretinf       fz_wm.l(dretinf.o)
    0x0800c358   0x0000006c   Code   RO          737    x$fpl$drleqf        fz_wm.l(drleqf.o)
    0x0800c3c4   0x00000016   Code   RO          788    x$fpl$drsb          fz_wm.l(daddsub_clz.o)
    0x0800c3da   0x00000002   PAD
    0x0800c3dc   0x00000198   Code   RO          799    x$fpl$dsqrt         fz_wm.l(dsqrt_umaal.o)
    0x0800c574   0x000001d4   Code   RO          789    x$fpl$dsub          fz_wm.l(daddsub_clz.o)
    0x0800c748   0x00000056   Code   RO          739    x$fpl$f2d           fz_wm.l(f2d.o)
    0x0800c79e   0x0000008c   Code   RO          801    x$fpl$fnaninf       fz_wm.l(fnaninf.o)
    0x0800c82a   0x0000000a   Code   RO          966    x$fpl$fpinit        fz_wm.l(fpinit.o)
    0x0800c834   0x0000000a   Code   RO          803    x$fpl$fretinf       fz_wm.l(fretinf.o)
    0x0800c83e   0x00000004   Code   RO          741    x$fpl$printf1       fz_wm.l(printf1.o)
    0x0800c842   0x00000064   Code   RO          960    x$fpl$retnan        fz_wm.l(retnan.o)
    0x0800c8a6   0x0000005c   Code   RO          805    x$fpl$scalbn        fz_wm.l(scalbn.o)
    0x0800c902   0x00000030   Code   RO          968    x$fpl$trapveneer    fz_wm.l(trapv.o)
    0x0800c932   0x00000000   Code   RO          807    x$fpl$usenofp       fz_wm.l(usenofp.o)
    0x0800c932   0x000017c0   Data   RO          272    .constdata          lcd.o
    0x0800e0f2   0x00000002   PAD
    0x0800e0f4   0x0000001c   Data   RO          488    .constdata          stm32f4xx_fsmc.o
    0x0800e110   0x00000028   Data   RO          672    .constdata          c_w.l(_printf_hex_int.o)
    0x0800e138   0x00000011   Data   RO          702    .constdata          c_w.l(__printf_flags_wp.o)
    0x0800e149   0x00000007   PAD
    0x0800e150   0x00000088   Data   RO          746    .constdata          m_wm.l(pow.o)
    0x0800e1d8   0x00000008   Data   RO          832    .constdata          m_wm.l(qnan.o)
    0x0800e1e0   0x00000094   Data   RO          865    .constdata          c_w.l(bigflt0.o)
    0x0800e274   0x00000019   Data   RO            5    .conststring        main.o
    0x0800e28d   0x00000003   PAD
    0x0800e290   0x00000020   Data   RO         1038    Region$$Table       anon$$obj.o
    0x0800e2b0   0x0000001c   Data   RO          893    locale$$data        c_w.l(lc_numeric_c.o)


    Execution Region RW_IRAM1 (Base: 0x20000000, Size: 0x00002948, Max: 0x00020000, ABSOLUTE)

    Base Addr    Size         Type   Attr      Idx    E Section Name        Object

    0x20000000   0x000000d2   Data   RW            6    .data               main.o
    0x200000d2   0x00000002   PAD
    0x200000d4   0x00000014   Data   RW          225    .data               system_stm32f4xx.o
    0x200000e8   0x00000004   Data   RW          273    .data               lcd.o
    0x200000ec   0x00000001   Data   RW          329    .data               key.o
    0x200000ed   0x00000001   PAD
    0x200000ee   0x00000004   Data   RW          370    .data               delay.o
    0x200000f2   0x00000002   PAD
    0x200000f4   0x00000006   Data   RW          411    .data               usart.o
    0x200000fa   0x00000010   Data   RW          511    .data               stm32f4xx_rcc.o
    0x2000010a   0x00000002   PAD
    0x2000010c   0x00002104   Zero   RW            4    .bss                main.o
    0x20002210   0x0000000e   Zero   RW          271    .bss                lcd.o
    0x2000221e   0x000000c8   Zero   RW          410    .bss                usart.o
    0x200022e6   0x00000002   PAD
    0x200022e8   0x00000060   Zero   RW          901    .bss                c_w.l(libspace.o)
    0x20002348   0x00000200   Zero   RW          439    HEAP                startup_stm32f40_41xxx.o
    0x20002548   0x00000400   Zero   RW          438    STACK               startup_stm32f40_41xxx.o


==============================================================================

Image component sizes


      Code (inc. data)   RO Data    RW Data    ZI Data      Debug   Object Name

       260          8          0          4          0       1461   delay.o
       432         20          0          1          0        912   key.o
     20336        196       6080          4         14      24734   lcd.o
        64          4          0          0          0        539   led.o
      6408        628         25        210       8452     326230   main.o
       224         20          0          0          0       1841   misc.o
        64         26        392          0       1536        840   startup_stm32f40_41xxx.o
      1124         24          0          0          0      10514   stm32f4xx_adc.o
       936         32          0          0          0       6321   stm32f4xx_dma.o
      1480         18         28          0          0       5650   stm32f4xx_fsmc.o
       660         44          0          0          0       4121   stm32f4xx_gpio.o
        26          0          0          0          0       1234   stm32f4xx_it.o
      1628         52          0         16          0      12916   stm32f4xx_rcc.o
      3234         60          0          0          0      22324   stm32f4xx_tim.o
      1108         34          0          0          0       7820   stm32f4xx_usart.o
       528         46          0         20          0       1815   system_stm32f4xx.o
       328         16          0          6        200       3334   usart.o

    ----------------------------------------------------------------------
     38842       1228       6562        268      10204     432606   Object Totals
         0          0         32          0          0          0   (incl. Generated)
         2          0          5          7          2          0   (incl. Padding)

    ----------------------------------------------------------------------

      Code (inc. data)   RO Data    RW Data    ZI Data      Debug   Library Member Name

         8          0          0          0          0         68   __main.o
       312          4         17          0          0         92   __printf_flags_wp.o
        14          0          0          0          0         68   __printf_wp.o
         0          0          0          0          0          0   __rtentry.o
        12          0          0          0          0          0   __rtentry2.o
         6          0          0          0          0          0   __rtentry4.o
        52          8          0          0          0          0   __scatter.o
        26          0          0          0          0          0   __scatter_copy.o
        28          0          0          0          0          0   __scatter_zi.o
        48          6          0          0          0         96   _printf_char_common.o
        36          4          0          0          0         80   _printf_char_file.o
         6          0          0          0          0          0   _printf_d.o
       120         16          0          0          0         92   _printf_dec.o
         6          0          0          0          0          0   _printf_f.o
      1050          0          0          0          0        216   _printf_fp_dec.o
       128         16          0          0          0         84   _printf_fp_infnan.o
        88          4         40          0          0         88   _printf_hex_int.o
       178          0          0          0          0         88   _printf_intcommon.o
        78          0          0          0          0        108   _printf_pad.o
         0          0          0          0          0          0   _printf_percent.o
         4          0          0          0          0          0   _printf_percent_end.o
         6          0          0          0          0          0   _printf_x.o
        22          0          0          0          0        100   _rserrno.o
        10          0          0          0          0         68   _sputc.o
       220          4        148          0          0         96   bigflt0.o
      1910        128          0          0          0        672   btod.o
        12          0          0          0          0         72   exit.o
         8          0          0          0          0         68   ferror.o
         6          0          0          0          0        152   heapauxi.o
        44         10         28          0          0         76   lc_numeric_c.o
         2          0          0          0          0          0   libinit.o
        22          0          0          0          0          0   libinit2.o
         2          0          0          0          0          0   libshutdown.o
         2          0          0          0          0          0   libshutdown2.o
         8          4          0          0         96         68   libspace.o
       138          0          0          0          0         80   lludiv10.o
        24          4          0          0          0         84   noretval__2printf.o
        40          6          0          0          0         84   noretval__2sprintf.o
         8          4          0          0          0         68   rt_errno_addr_intlibspace.o
         8          4          0          0          0         68   rt_locale_intlibspace.o
         2          0          0          0          0          0   rtexit.o
        10          0          0          0          0          0   rtexit2.o
       128          0          0          0          0         68   strcmpv7m.o
        74          0          0          0          0         80   sys_stackheap_outer.o
         2          0          0          0          0         68   use_no_semi.o
         2          0          0          0          0         68   use_no_semi_2.o
        24          0          0          0          0        164   basic.o
        98          4          0          0          0        140   d2f.o
       826         16          0          0          0        492   daddsub_clz.o
        16          4          0          0          0        116   dcheck1.o
        24          0          0          0          0        116   dcmpi.o
       688        140          0          0          0        256   ddiv.o
        90          4          0          0          0        140   dfixu.o
        84          0          0          0          0        232   dflt_clz.o
       120          4          0          0          0        140   dleqf.o
       340         12          0          0          0        152   dmul.o
       156          4          0          0          0        140   dnaninf.o
        12          0          0          0          0        116   dretinf.o
       108          0          0          0          0        128   drleqf.o
       408         56          0          0          0        168   dsqrt_umaal.o
        86          4          0          0          0        132   f2d.o
       140          4          0          0          0        132   fnaninf.o
        10          0          0          0          0        116   fpinit.o
        10          0          0          0          0        116   fretinf.o
         4          0          0          0          0        116   printf1.o
       100          0          0          0          0        116   retnan.o
        92          0          0          0          0        116   scalbn.o
        48          0          0          0          0        116   trapv.o
         0          0          0          0          0          0   usenofp.o
       164         44          0          0          0        620   dunder.o
        24          0          0          0          0        124   fabs.o
        48          0          0          0          0        124   fpclassify.o
       248          0          0          0          0        152   poly.o
      3128        302        136          0          0        356   pow.o
         0          0          8          0          0          0   qnan.o
       232          0          0          0          0        296   sqrt.o

    ----------------------------------------------------------------------
     12272        820        384          0         96       8252   Library Totals
        34          0          7          0          0          0   (incl. Padding)

    ----------------------------------------------------------------------

      Code (inc. data)   RO Data    RW Data    ZI Data      Debug   Library Name

      4910        222        233          0         96       3120   c_w.l
      3484        252          0          0          0       3460   fz_wm.l
      3844        346        144          0          0       1672   m_wm.l

    ----------------------------------------------------------------------
     12272        820        384          0         96       8252   Library Totals

    ----------------------------------------------------------------------

==============================================================================


      Code (inc. data)   RO Data    RW Data    ZI Data      Debug   

     51114       2048       6946        268      10300     431642   Grand Totals
     51114       2048       6946        268      10300     431642   ELF Image Totals
     51114       2048       6946        268          0          0   ROM Totals

==============================================================================

    Total RO  Size (Code + RO Data)                58060 (  56.70kB)
    Total RW  Size (RW Data + ZI Data)             10568 (  10.32kB)
    Total ROM Size (Code + RO Data + RW Data)      58328 (  56.96kB)

==============================================================================

